<?xml version="1.0" encoding="ISO-8859-1" ?>
<link_info>
   <banner>TI ARM Linker PC v18.1.2.LTS</banner>
   <copyright>Copyright (c) 1996-2017 Texas Instruments Incorporated</copyright>
   <link_time>0x5db530c0</link_time>
   <link_errors>0x0</link_errors>
   <output_file>TIVAC Midterm.out</output_file>
   <entry_point>
      <name>_c_int00_noargs</name>
      <address>0x22d5</address>
   </entry_point>
   <input_file_list>
      <input_file id="fl-2">
         <path>.\</path>
         <kind>object</kind>
         <file>main.obj</file>
         <name>main.obj</name>
      </input_file>
      <input_file id="fl-3">
         <path>.\</path>
         <kind>object</kind>
         <file>tm4c123gh6pm_startup_ccs.obj</file>
         <name>tm4c123gh6pm_startup_ccs.obj</name>
      </input_file>
      <input_file id="fl-4">
         <path>.\</path>
         <kind>object</kind>
         <file>uartstdio.obj</file>
         <name>uartstdio.obj</name>
      </input_file>
      <input_file id="fl-a">
         <kind>object</kind>
         <file>&lt;internal&gt;</file>
         <name>&lt;internal&gt;</name>
      </input_file>
      <input_file id="fl-c0">
         <path>C:\ti\ccsv8\tools\compiler\ti-cgt-arm_18.1.2.LTS\lib\</path>
         <kind>archive</kind>
         <file>rtsv7M4_T_le_v4SPD16_eabi.lib</file>
         <name>e_atan2f.c.obj</name>
      </input_file>
      <input_file id="fl-c1">
         <path>C:\ti\ccsv8\tools\compiler\ti-cgt-arm_18.1.2.LTS\lib\</path>
         <kind>archive</kind>
         <file>rtsv7M4_T_le_v4SPD16_eabi.lib</file>
         <name>s_atanf.c.obj</name>
      </input_file>
      <input_file id="fl-c2">
         <path>C:\ti\ccsv8\tools\compiler\ti-cgt-arm_18.1.2.LTS\lib\</path>
         <kind>archive</kind>
         <file>rtsv7M4_T_le_v4SPD16_eabi.lib</file>
         <name>u_divt2.asm.obj</name>
      </input_file>
      <input_file id="fl-c3">
         <path>C:\ti\ccsv8\tools\compiler\ti-cgt-arm_18.1.2.LTS\lib\</path>
         <kind>archive</kind>
         <file>rtsv7M4_T_le_v4SPD16_eabi.lib</file>
         <name>fd_add_t2.asm.obj</name>
      </input_file>
      <input_file id="fl-c4">
         <path>C:\ti\ccsv8\tools\compiler\ti-cgt-arm_18.1.2.LTS\lib\</path>
         <kind>archive</kind>
         <file>rtsv7M4_T_le_v4SPD16_eabi.lib</file>
         <name>fd_div_t2.asm.obj</name>
      </input_file>
      <input_file id="fl-c5">
         <path>C:\ti\ccsv8\tools\compiler\ti-cgt-arm_18.1.2.LTS\lib\</path>
         <kind>archive</kind>
         <file>rtsv7M4_T_le_v4SPD16_eabi.lib</file>
         <name>fd_mul_t2.asm.obj</name>
      </input_file>
      <input_file id="fl-c6">
         <path>C:\ti\ccsv8\tools\compiler\ti-cgt-arm_18.1.2.LTS\lib\</path>
         <kind>archive</kind>
         <file>rtsv7M4_T_le_v4SPD16_eabi.lib</file>
         <name>fd_tos_t2.asm.obj</name>
      </input_file>
      <input_file id="fl-c7">
         <path>C:\ti\ccsv8\tools\compiler\ti-cgt-arm_18.1.2.LTS\lib\</path>
         <kind>archive</kind>
         <file>rtsv7M4_T_le_v4SPD16_eabi.lib</file>
         <name>fs_tod_t2.asm.obj</name>
      </input_file>
      <input_file id="fl-c8">
         <path>C:\ti\ccsv8\tools\compiler\ti-cgt-arm_18.1.2.LTS\lib\</path>
         <kind>archive</kind>
         <file>rtsv7M4_T_le_v4SPD16_eabi.lib</file>
         <name>copy_zero_init.c.obj</name>
      </input_file>
      <input_file id="fl-c9">
         <path>C:\ti\ccsv8\tools\compiler\ti-cgt-arm_18.1.2.LTS\lib\</path>
         <kind>archive</kind>
         <file>rtsv7M4_T_le_v4SPD16_eabi.lib</file>
         <name>copy_decompress_none.c.obj</name>
      </input_file>
      <input_file id="fl-ca">
         <path>C:\ti\ccsv8\tools\compiler\ti-cgt-arm_18.1.2.LTS\lib\</path>
         <kind>archive</kind>
         <file>rtsv7M4_T_le_v4SPD16_eabi.lib</file>
         <name>copy_decompress_lzss.c.obj</name>
      </input_file>
      <input_file id="fl-cb">
         <path>C:\ti\ccsv8\tools\compiler\ti-cgt-arm_18.1.2.LTS\lib\</path>
         <kind>archive</kind>
         <file>rtsv7M4_T_le_v4SPD16_eabi.lib</file>
         <name>boot_cortex_m.c.obj</name>
      </input_file>
      <input_file id="fl-cc">
         <path>C:\ti\ccsv8\tools\compiler\ti-cgt-arm_18.1.2.LTS\lib\</path>
         <kind>archive</kind>
         <file>rtsv7M4_T_le_v4SPD16_eabi.lib</file>
         <name>exit.c.obj</name>
      </input_file>
      <input_file id="fl-cd">
         <path>C:\ti\ccsv8\tools\compiler\ti-cgt-arm_18.1.2.LTS\lib\</path>
         <kind>archive</kind>
         <file>rtsv7M4_T_le_v4SPD16_eabi.lib</file>
         <name>_lock.c.obj</name>
      </input_file>
      <input_file id="fl-ce">
         <path>C:\ti\ccsv8\tools\compiler\ti-cgt-arm_18.1.2.LTS\lib\</path>
         <kind>archive</kind>
         <file>rtsv7M4_T_le_v4SPD16_eabi.lib</file>
         <name>args_main.c.obj</name>
      </input_file>
      <input_file id="fl-cf">
         <path>C:\ti\ccsv8\tools\compiler\ti-cgt-arm_18.1.2.LTS\lib\</path>
         <kind>archive</kind>
         <file>rtsv7M4_T_le_v4SPD16_eabi.lib</file>
         <name>div0.asm.obj</name>
      </input_file>
      <input_file id="fl-d0">
         <path>C:\ti\ccsv8\tools\compiler\ti-cgt-arm_18.1.2.LTS\lib\</path>
         <kind>archive</kind>
         <file>rtsv7M4_T_le_v4SPD16_eabi.lib</file>
         <name>memset_t2.asm.obj</name>
      </input_file>
      <input_file id="fl-d1">
         <path>C:\ti\ccsv8\tools\compiler\ti-cgt-arm_18.1.2.LTS\lib\</path>
         <kind>archive</kind>
         <file>rtsv7M4_T_le_v4SPD16_eabi.lib</file>
         <name>memcpy_t2.asm.obj</name>
      </input_file>
      <input_file id="fl-d2">
         <path>C:\ti\ccsv8\tools\compiler\ti-cgt-arm_18.1.2.LTS\lib\</path>
         <kind>archive</kind>
         <file>rtsv7M4_T_le_v4SPD16_eabi.lib</file>
         <name>autoinit.c.obj</name>
      </input_file>
      <input_file id="fl-d3">
         <path>C:\ti\ccsv8\tools\compiler\ti-cgt-arm_18.1.2.LTS\lib\</path>
         <kind>archive</kind>
         <file>rtsv7M4_T_le_v4SPD16_eabi.lib</file>
         <name>pre_init.c.obj</name>
      </input_file>
      <input_file id="fl-d4">
         <path>C:\ti\ccsv8\tools\compiler\ti-cgt-arm_18.1.2.LTS\lib\</path>
         <kind>archive</kind>
         <file>rtsv7M4_T_le_v4SPD16_eabi.lib</file>
         <name>cpy_tbl.c.obj</name>
      </input_file>
      <input_file id="fl-d5">
         <path>C:\ti\tivaware_c_series_2_1_4_178\sensorlib\ccs\Debug\</path>
         <kind>archive</kind>
         <file>sensorlib.lib</file>
         <name>i2cm_drv.obj</name>
      </input_file>
      <input_file id="fl-d6">
         <path>C:\ti\tivaware_c_series_2_1_4_178\sensorlib\ccs\Debug\</path>
         <kind>archive</kind>
         <file>sensorlib.lib</file>
         <name>mpu6050.obj</name>
      </input_file>
      <input_file id="fl-d7">
         <path>C:\ti\tivaware_c_series_2_1_4_178\driverlib\ccs\Debug\</path>
         <kind>archive</kind>
         <file>driverlib.lib</file>
         <name>gpio.obj</name>
      </input_file>
      <input_file id="fl-d8">
         <path>C:\ti\tivaware_c_series_2_1_4_178\driverlib\ccs\Debug\</path>
         <kind>archive</kind>
         <file>driverlib.lib</file>
         <name>i2c.obj</name>
      </input_file>
      <input_file id="fl-d9">
         <path>C:\ti\tivaware_c_series_2_1_4_178\driverlib\ccs\Debug\</path>
         <kind>archive</kind>
         <file>driverlib.lib</file>
         <name>interrupt.obj</name>
      </input_file>
      <input_file id="fl-da">
         <path>C:\ti\tivaware_c_series_2_1_4_178\driverlib\ccs\Debug\</path>
         <kind>archive</kind>
         <file>driverlib.lib</file>
         <name>sysctl.obj</name>
      </input_file>
      <input_file id="fl-db">
         <path>C:\ti\tivaware_c_series_2_1_4_178\driverlib\ccs\Debug\</path>
         <kind>archive</kind>
         <file>driverlib.lib</file>
         <name>uart.obj</name>
      </input_file>
      <input_file id="fl-dc">
         <path>C:\ti\tivaware_c_series_2_1_4_178\driverlib\ccs\Debug\</path>
         <kind>archive</kind>
         <file>driverlib.lib</file>
         <name>cpu.obj</name>
      </input_file>
   </input_file_list>
   <object_component_list>
      <object_component id="oc-f">
         <name>.intvecs</name>
         <load_address>0x0</load_address>
         <run_address>0x0</run_address>
         <size>0x26c</size>
         <input_file_ref idref="fl-3"/>
      </object_component>
      <object_component id="oc-2a">
         <name>.text</name>
         <load_address>0x26c</load_address>
         <run_address>0x26c</run_address>
         <size>0x5f4</size>
         <input_file_ref idref="fl-2"/>
      </object_component>
      <object_component id="oc-8f">
         <name>.text</name>
         <load_address>0x860</load_address>
         <run_address>0x860</run_address>
         <size>0x4dc</size>
         <input_file_ref idref="fl-4"/>
      </object_component>
      <object_component id="oc-a4">
         <name>.text</name>
         <load_address>0xd3c</load_address>
         <run_address>0xd3c</run_address>
         <size>0x1b6</size>
         <input_file_ref idref="fl-c3"/>
      </object_component>
      <object_component id="oc-286">
         <name>.text</name>
         <load_address>0xef2</load_address>
         <run_address>0xef2</run_address>
         <size>0x2</size>
         <input_file_ref idref="fl-cf"/>
      </object_component>
      <object_component id="oc-ae">
         <name>.text:atan2f</name>
         <load_address>0xef4</load_address>
         <run_address>0xef4</run_address>
         <size>0x158</size>
         <input_file_ref idref="fl-c0"/>
      </object_component>
      <object_component id="oc-183">
         <name>.text:atanf</name>
         <load_address>0x104c</load_address>
         <run_address>0x104c</run_address>
         <size>0x150</size>
         <input_file_ref idref="fl-c1"/>
      </object_component>
      <object_component id="oc-9a">
         <name>.text</name>
         <load_address>0x119c</load_address>
         <run_address>0x119c</run_address>
         <size>0x136</size>
         <input_file_ref idref="fl-c4"/>
      </object_component>
      <object_component id="oc-15d">
         <name>.text:GPIOPadConfigSet</name>
         <load_address>0x12d2</load_address>
         <run_address>0x12d2</run_address>
         <size>0x132</size>
         <input_file_ref idref="fl-d7"/>
      </object_component>
      <object_component id="oc-c6">
         <name>.text:SysCtlClockGet</name>
         <load_address>0x1404</load_address>
         <run_address>0x1404</run_address>
         <size>0x110</size>
         <input_file_ref idref="fl-da"/>
      </object_component>
      <object_component id="oc-9f">
         <name>.text</name>
         <load_address>0x1514</load_address>
         <run_address>0x1514</run_address>
         <size>0xfc</size>
         <input_file_ref idref="fl-c5"/>
      </object_component>
      <object_component id="oc-71">
         <name>.text:SysCtlClockSet</name>
         <load_address>0x1610</load_address>
         <run_address>0x1610</run_address>
         <size>0xf4</size>
         <input_file_ref idref="fl-da"/>
      </object_component>
      <object_component id="oc-d8">
         <name>.text:I2CMIntHandler</name>
         <load_address>0x1704</load_address>
         <run_address>0x1704</run_address>
         <size>0xf2</size>
         <input_file_ref idref="fl-d5"/>
      </object_component>
      <object_component id="oc-202">
         <name>.text:MPU6050Callback</name>
         <load_address>0x17f8</load_address>
         <run_address>0x17f8</run_address>
         <size>0xf0</size>
         <input_file_ref idref="fl-d6"/>
      </object_component>
      <object_component id="oc-3e">
         <name>.text</name>
         <load_address>0x18e8</load_address>
         <run_address>0x18e8</run_address>
         <size>0x9c</size>
         <input_file_ref idref="fl-d1"/>
      </object_component>
      <object_component id="oc-1f5">
         <name>.text:I2CMStateIdle</name>
         <load_address>0x1984</load_address>
         <run_address>0x1984</run_address>
         <size>0x98</size>
         <input_file_ref idref="fl-d5"/>
      </object_component>
      <object_component id="oc-1fc">
         <name>.text:I2CMCommand</name>
         <load_address>0x1a1c</load_address>
         <run_address>0x1a1c</run_address>
         <size>0x88</size>
         <input_file_ref idref="fl-d5"/>
      </object_component>
      <object_component id="oc-20a">
         <name>.text:I2CMReadModifyWrite8</name>
         <load_address>0x1aa4</load_address>
         <run_address>0x1aa4</run_address>
         <size>0x78</size>
         <input_file_ref idref="fl-d5"/>
      </object_component>
      <object_component id="oc-f0">
         <name>.text:MPU6050DataAccelGetFloat</name>
         <load_address>0x1b1c</load_address>
         <run_address>0x1b1c</run_address>
         <size>0x70</size>
         <input_file_ref idref="fl-d6"/>
      </object_component>
      <object_component id="oc-f6">
         <name>.text:MPU6050DataGyroGetFloat</name>
         <load_address>0x1b8c</load_address>
         <run_address>0x1b8c</run_address>
         <size>0x70</size>
         <input_file_ref idref="fl-d6"/>
      </object_component>
      <object_component id="oc-a9">
         <name>.text</name>
         <load_address>0x1bfc</load_address>
         <run_address>0x1bfc</run_address>
         <size>0x6e</size>
         <input_file_ref idref="fl-c6"/>
      </object_component>
      <object_component id="oc-2d3">
         <name>.text:IntDisable</name>
         <load_address>0x1c6c</load_address>
         <run_address>0x1c6c</run_address>
         <size>0x68</size>
         <input_file_ref idref="fl-d9"/>
      </object_component>
      <object_component id="oc-19f">
         <name>.text:IntEnable</name>
         <load_address>0x1cd4</load_address>
         <run_address>0x1cd4</run_address>
         <size>0x68</size>
         <input_file_ref idref="fl-d9"/>
      </object_component>
      <object_component id="oc-12">
         <name>.text:decompress:lzss:__TI_decompress_lzss</name>
         <load_address>0x1d3c</load_address>
         <run_address>0x1d3c</run_address>
         <size>0x68</size>
         <input_file_ref idref="fl-ca"/>
      </object_component>
      <object_component id="oc-2cd">
         <name>.text:IntIsEnabled</name>
         <load_address>0x1da4</load_address>
         <run_address>0x1da4</run_address>
         <size>0x64</size>
         <input_file_ref idref="fl-d9"/>
      </object_component>
      <object_component id="oc-2e8">
         <name>.text:I2CMReadModifyWrite8Callback</name>
         <load_address>0x1e08</load_address>
         <run_address>0x1e08</run_address>
         <size>0x60</size>
         <input_file_ref idref="fl-d5"/>
      </object_component>
      <object_component id="oc-1e3">
         <name>.text:I2CMStateWritePause</name>
         <load_address>0x1e68</load_address>
         <run_address>0x1e68</run_address>
         <size>0x5e</size>
         <input_file_ref idref="fl-d5"/>
      </object_component>
      <object_component id="oc-de">
         <name>.text:MPU6050Init</name>
         <load_address>0x1ec8</load_address>
         <run_address>0x1ec8</run_address>
         <size>0x5c</size>
         <input_file_ref idref="fl-d6"/>
      </object_component>
      <object_component id="oc-ea">
         <name>.text:MPU6050DataRead</name>
         <load_address>0x1f24</load_address>
         <run_address>0x1f24</run_address>
         <size>0x54</size>
         <input_file_ref idref="fl-d6"/>
      </object_component>
      <object_component id="oc-1e9">
         <name>.text:I2CMStateWriteFinal</name>
         <load_address>0x1f78</load_address>
         <run_address>0x1f78</run_address>
         <size>0x50</size>
         <input_file_ref idref="fl-d5"/>
      </object_component>
      <object_component id="oc-b4">
         <name>.text:SysCtlPeripheralReset</name>
         <load_address>0x1fc8</load_address>
         <run_address>0x1fc8</run_address>
         <size>0x50</size>
         <input_file_ref idref="fl-da"/>
      </object_component>
      <object_component id="oc-cc">
         <name>.text:I2CMasterInitExpClk</name>
         <load_address>0x2018</load_address>
         <run_address>0x2018</run_address>
         <size>0x4c</size>
         <input_file_ref idref="fl-d8"/>
      </object_component>
      <object_component id="oc-e4">
         <name>.text:MPU6050ReadModifyWrite</name>
         <load_address>0x2064</load_address>
         <run_address>0x2064</run_address>
         <size>0x4c</size>
         <input_file_ref idref="fl-d6"/>
      </object_component>
      <object_component id="oc-1d1">
         <name>.text:I2CMStateReadNext</name>
         <load_address>0x20b0</load_address>
         <run_address>0x20b0</run_address>
         <size>0x4a</size>
         <input_file_ref idref="fl-d5"/>
      </object_component>
      <object_component id="oc-7d">
         <name>.text:GPIOPinConfigure</name>
         <load_address>0x20fc</load_address>
         <run_address>0x20fc</run_address>
         <size>0x48</size>
         <input_file_ref idref="fl-d7"/>
      </object_component>
      <object_component id="oc-1ef">
         <name>.text:I2CMStateWriteNext</name>
         <load_address>0x2144</load_address>
         <run_address>0x2144</run_address>
         <size>0x48</size>
         <input_file_ref idref="fl-d5"/>
      </object_component>
      <object_component id="oc-1b9">
         <name>.text:I2CMStateCallback</name>
         <load_address>0x218c</load_address>
         <run_address>0x218c</run_address>
         <size>0x44</size>
         <input_file_ref idref="fl-d5"/>
      </object_component>
      <object_component id="oc-23f">
         <name>.text:__TI_auto_init_nobinit_nopinit:__TI_auto_init_nobinit_nopinit</name>
         <load_address>0x21d0</load_address>
         <run_address>0x21d0</run_address>
         <size>0x44</size>
         <input_file_ref idref="fl-d2"/>
      </object_component>
      <object_component id="oc-1cb">
         <name>.text:I2CMStateReadFinal</name>
         <load_address>0x2214</load_address>
         <run_address>0x2214</run_address>
         <size>0x42</size>
         <input_file_ref idref="fl-d5"/>
      </object_component>
      <object_component id="oc-16f">
         <name>.text</name>
         <load_address>0x2256</load_address>
         <run_address>0x2256</run_address>
         <size>0x40</size>
         <input_file_ref idref="fl-c2"/>
      </object_component>
      <object_component id="oc-1c5">
         <name>.text:I2CMStateReadPause</name>
         <load_address>0x2296</load_address>
         <run_address>0x2296</run_address>
         <size>0x3e</size>
         <input_file_ref idref="fl-d5"/>
      </object_component>
      <object_component id="oc-5c">
         <name>.text:_c_int00_noargs:_c_int00_noargs</name>
         <load_address>0x22d4</load_address>
         <run_address>0x22d4</run_address>
         <size>0x38</size>
         <input_file_ref idref="fl-cb"/>
      </object_component>
      <object_component id="oc-95">
         <name>.text</name>
         <load_address>0x230c</load_address>
         <run_address>0x230c</run_address>
         <size>0x38</size>
         <input_file_ref idref="fl-c7"/>
      </object_component>
      <object_component id="oc-d2">
         <name>.text:I2CMInit</name>
         <load_address>0x2344</load_address>
         <run_address>0x2344</run_address>
         <size>0x34</size>
         <input_file_ref idref="fl-d5"/>
      </object_component>
      <object_component id="oc-77">
         <name>.text:SysCtlPeripheralEnable</name>
         <load_address>0x2378</load_address>
         <run_address>0x2378</run_address>
         <size>0x34</size>
         <input_file_ref idref="fl-da"/>
      </object_component>
      <object_component id="oc-157">
         <name>.text:GPIODirModeSet</name>
         <load_address>0x23ac</load_address>
         <run_address>0x23ac</run_address>
         <size>0x2a</size>
         <input_file_ref idref="fl-d7"/>
      </object_component>
      <object_component id="oc-1d7">
         <name>.text:I2CMStateReadFirst</name>
         <load_address>0x23d6</load_address>
         <run_address>0x23d6</run_address>
         <size>0x2a</size>
         <input_file_ref idref="fl-d5"/>
      </object_component>
      <object_component id="oc-1dd">
         <name>.text:I2CMStateReadOne</name>
         <load_address>0x2400</load_address>
         <run_address>0x2400</run_address>
         <size>0x20</size>
         <input_file_ref idref="fl-d5"/>
      </object_component>
      <object_component id="oc-1bf">
         <name>.text:I2CMStateReadWait</name>
         <load_address>0x2420</load_address>
         <run_address>0x2420</run_address>
         <size>0x1a</size>
         <input_file_ref idref="fl-d5"/>
      </object_component>
      <object_component id="oc-c0">
         <name>.text:GPIOPinTypeI2C</name>
         <load_address>0x243a</load_address>
         <run_address>0x243a</run_address>
         <size>0x12</size>
         <input_file_ref idref="fl-d7"/>
      </object_component>
      <object_component id="oc-ba">
         <name>.text:GPIOPinTypeI2CSCL</name>
         <load_address>0x244c</load_address>
         <run_address>0x244c</run_address>
         <size>0x12</size>
         <input_file_ref idref="fl-d7"/>
      </object_component>
      <object_component id="oc-83">
         <name>.text:GPIOPinTypeUART</name>
         <load_address>0x245e</load_address>
         <run_address>0x245e</run_address>
         <size>0x12</size>
         <input_file_ref idref="fl-d7"/>
      </object_component>
      <object_component id="oc-4a">
         <name>.text:decompress:ZI:__TI_zero_init_nomemset:__TI_zero_init_nomemset</name>
         <load_address>0x2470</load_address>
         <run_address>0x2470</run_address>
         <size>0x12</size>
         <input_file_ref idref="fl-c8"/>
      </object_component>
      <object_component id="oc-18">
         <name>.text:decompress:none:__TI_decompress_none</name>
         <load_address>0x2482</load_address>
         <run_address>0x2482</run_address>
         <size>0xe</size>
         <input_file_ref idref="fl-c9"/>
      </object_component>
      <object_component id="oc-2d9">
         <name>.text:IntTrigger</name>
         <load_address>0x2490</load_address>
         <run_address>0x2490</run_address>
         <size>0xc</size>
         <input_file_ref idref="fl-d9"/>
      </object_component>
      <object_component id="oc-24">
         <name>.text</name>
         <load_address>0x249c</load_address>
         <run_address>0x249c</run_address>
         <size>0xc</size>
         <input_file_ref idref="fl-3"/>
      </object_component>
      <object_component id="oc-197">
         <name>.text:I2CMasterEnable</name>
         <load_address>0x24a8</load_address>
         <run_address>0x24a8</run_address>
         <size>0xa</size>
         <input_file_ref idref="fl-d8"/>
      </object_component>
      <object_component id="oc-1ad">
         <name>.text:I2CMasterIntClear</name>
         <load_address>0x24b2</load_address>
         <run_address>0x24b2</run_address>
         <size>0x8</size>
         <input_file_ref idref="fl-d8"/>
      </object_component>
      <object_component id="oc-1a5">
         <name>.text:I2CMasterIntEnableEx</name>
         <load_address>0x24ba</load_address>
         <run_address>0x24ba</run_address>
         <size>0x8</size>
         <input_file_ref idref="fl-d8"/>
      </object_component>
      <object_component id="oc-2bb">
         <name>.text:I2CMasterSlaveAddrSet</name>
         <load_address>0x24c2</load_address>
         <run_address>0x24c2</run_address>
         <size>0x8</size>
         <input_file_ref idref="fl-d8"/>
      </object_component>
      <object_component id="oc-fc">
         <name>.text:SysCtlDelay</name>
         <load_address>0x24ca</load_address>
         <run_address>0x24ca</run_address>
         <size>0x6</size>
         <input_file_ref idref="fl-da"/>
      </object_component>
      <object_component id="oc-89">
         <name>.text:UARTClockSourceSet</name>
         <load_address>0x24d0</load_address>
         <run_address>0x24d0</run_address>
         <size>0x6</size>
         <input_file_ref idref="fl-db"/>
      </object_component>
      <object_component id="oc-1b3">
         <name>.text:I2CMasterControl</name>
         <load_address>0x24d6</load_address>
         <run_address>0x24d6</run_address>
         <size>0x4</size>
         <input_file_ref idref="fl-d8"/>
      </object_component>
      <object_component id="oc-2b1">
         <name>.text:I2CMasterDataGet</name>
         <load_address>0x24da</load_address>
         <run_address>0x24da</run_address>
         <size>0x4</size>
         <input_file_ref idref="fl-d8"/>
      </object_component>
      <object_component id="oc-2c3">
         <name>.text:I2CMasterDataPut</name>
         <load_address>0x24de</load_address>
         <run_address>0x24de</run_address>
         <size>0x4</size>
         <input_file_ref idref="fl-d8"/>
      </object_component>
      <object_component id="oc-138">
         <name>.text:_system_pre_init</name>
         <load_address>0x24e2</load_address>
         <run_address>0x24e2</run_address>
         <size>0x4</size>
         <input_file_ref idref="fl-d3"/>
      </object_component>
      <object_component id="oc-233">
         <name>.text:abort:abort</name>
         <load_address>0x24e6</load_address>
         <run_address>0x24e6</run_address>
         <size>0x4</size>
         <input_file_ref idref="fl-cc"/>
      </object_component>
      <object_component id="oc-152">
         <name>.const:g_pui32GPIOBaseAddrs</name>
         <load_address>0x24ec</load_address>
         <run_address>0x24ec</run_address>
         <size>0x90</size>
         <input_file_ref idref="fl-d7"/>
      </object_component>
      <object_component id="oc-2a1">
         <name>.const</name>
         <load_address>0x257c</load_address>
         <run_address>0x257c</run_address>
         <size>0x70</size>
         <input_file_ref idref="fl-d9"/>
      </object_component>
      <object_component id="oc-193">
         <name>.const:g_pui32Xtals</name>
         <load_address>0x25ec</load_address>
         <run_address>0x25ec</run_address>
         <size>0x6c</size>
         <input_file_ref idref="fl-da"/>
      </object_component>
      <object_component id="oc-291">
         <name>.const:$O1$$</name>
         <load_address>0x2658</load_address>
         <run_address>0x2658</run_address>
         <size>0x34</size>
         <input_file_ref idref="fl-c1"/>
      </object_component>
      <object_component id="oc-212">
         <name>.const</name>
         <load_address>0x268c</load_address>
         <run_address>0x268c</run_address>
         <size>0x20</size>
         <input_file_ref idref="fl-d6"/>
      </object_component>
      <object_component id="oc-28c">
         <name>.const:.string</name>
         <load_address>0x26ac</load_address>
         <run_address>0x26ac</run_address>
         <size>0x12</size>
         <input_file_ref idref="fl-4"/>
      </object_component>
      <object_component id="oc-16c">
         <name>.const:g_ui32UARTBase</name>
         <load_address>0x26c0</load_address>
         <run_address>0x26c0</run_address>
         <size>0xc</size>
         <input_file_ref idref="fl-4"/>
      </object_component>
      <object_component id="oc-166">
         <name>.const:g_ui32UARTPeriph</name>
         <load_address>0x26cc</load_address>
         <run_address>0x26cc</run_address>
         <size>0xc</size>
         <input_file_ref idref="fl-4"/>
      </object_component>
      <object_component id="oc-174">
         <name>.const</name>
         <load_address>0x26d8</load_address>
         <run_address>0x26d8</run_address>
         <size>0x4</size>
         <input_file_ref idref="fl-4"/>
      </object_component>
      <object_component id="oc-37a">
         <name>__TI_handler_table</name>
         <load_address>0x26e0</load_address>
         <run_address>0x26e0</run_address>
         <size>0xc</size>
      </object_component>
      <object_component id="oc-37d">
         <name>.cinit..bss.load</name>
         <load_address>0x26f0</load_address>
         <run_address>0x26f0</run_address>
         <size>0x8</size>
      </object_component>
      <object_component id="oc-37c">
         <name>.cinit..data.load</name>
         <load_address>0x26f8</load_address>
         <run_address>0x26f8</run_address>
         <size>0x7</size>
      </object_component>
      <object_component id="oc-37b">
         <name>__TI_cinit_table</name>
         <load_address>0x2700</load_address>
         <run_address>0x2700</run_address>
         <size>0x10</size>
      </object_component>
      <object_component id="oc-169">
         <name>.data</name>
         <load_address>0x20000328</load_address>
         <run_address>0x20000328</run_address>
         <size>0x5</size>
         <input_file_ref idref="fl-4"/>
      </object_component>
      <object_component id="oc-100">
         <name>.common:g_bMPU6050Done</name>
         <uninitialized>true</uninitialized>
         <run_address>0x20000324</run_address>
         <size>0x1</size>
      </object_component>
      <object_component id="oc-fd">
         <name>.common:g_sI2CMSimpleInst</name>
         <uninitialized>true</uninitialized>
         <run_address>0x20000200</run_address>
         <size>0x124</size>
      </object_component>
      <object_component id="oc-21">
         <name>.stack</name>
         <uninitialized>true</uninitialized>
         <run_address>0x20000000</run_address>
         <size>0x4</size>
         <input_file_ref idref="fl-cb"/>
      </object_component>
      <object_component id="oc-37e">
         <name>.stack</name>
         <uninitialized>true</uninitialized>
         <run_address>0x20000000</run_address>
         <size>0x0</size>
      </object_component>
      <object_component id="oc-fe">
         <name>.debug_info</name>
         <load_address>0x0</load_address>
         <run_address>0x0</run_address>
         <size>0x961</size>
         <input_file_ref idref="fl-2"/>
      </object_component>
      <object_component id="oc-2b">
         <name>.debug_info</name>
         <load_address>0x961</load_address>
         <run_address>0x961</run_address>
         <size>0xb13</size>
         <input_file_ref idref="fl-2"/>
      </object_component>
      <object_component id="oc-219">
         <name>.debug_info</name>
         <load_address>0x1474</load_address>
         <run_address>0x1474</run_address>
         <size>0x4e6</size>
         <input_file_ref idref="fl-2"/>
      </object_component>
      <object_component id="oc-10c">
         <name>.debug_info</name>
         <load_address>0x195a</load_address>
         <run_address>0x195a</run_address>
         <size>0x158</size>
         <input_file_ref idref="fl-2"/>
      </object_component>
      <object_component id="oc-113">
         <name>.debug_info</name>
         <load_address>0x1ab2</load_address>
         <run_address>0x1ab2</run_address>
         <size>0x26b</size>
         <input_file_ref idref="fl-2"/>
      </object_component>
      <object_component id="oc-102">
         <name>.debug_info</name>
         <load_address>0x1d1d</load_address>
         <run_address>0x1d1d</run_address>
         <size>0x8b</size>
         <input_file_ref idref="fl-2"/>
      </object_component>
      <object_component id="oc-21e">
         <name>.debug_info</name>
         <load_address>0x1da8</load_address>
         <run_address>0x1da8</run_address>
         <size>0x297</size>
         <input_file_ref idref="fl-2"/>
      </object_component>
      <object_component id="oc-107">
         <name>.debug_info</name>
         <load_address>0x203f</load_address>
         <run_address>0x203f</run_address>
         <size>0xef</size>
         <input_file_ref idref="fl-2"/>
      </object_component>
      <object_component id="oc-118">
         <name>.debug_info</name>
         <load_address>0x212e</load_address>
         <run_address>0x212e</run_address>
         <size>0xbb</size>
         <input_file_ref idref="fl-2"/>
      </object_component>
      <object_component id="oc-179">
         <name>.debug_info</name>
         <load_address>0x21e9</load_address>
         <run_address>0x21e9</run_address>
         <size>0x2c</size>
         <input_file_ref idref="fl-2"/>
      </object_component>
      <object_component id="oc-32">
         <name>.debug_info</name>
         <load_address>0x2215</load_address>
         <run_address>0x2215</run_address>
         <size>0x2f1</size>
         <input_file_ref idref="fl-3"/>
      </object_component>
      <object_component id="oc-10">
         <name>.debug_info</name>
         <load_address>0x2506</load_address>
         <run_address>0x2506</run_address>
         <size>0x100</size>
         <input_file_ref idref="fl-3"/>
      </object_component>
      <object_component id="oc-25">
         <name>.debug_info</name>
         <load_address>0x2606</load_address>
         <run_address>0x2606</run_address>
         <size>0x27c</size>
         <input_file_ref idref="fl-3"/>
      </object_component>
      <object_component id="oc-39">
         <name>.debug_info</name>
         <load_address>0x2882</load_address>
         <run_address>0x2882</run_address>
         <size>0x84</size>
         <input_file_ref idref="fl-3"/>
      </object_component>
      <object_component id="oc-178">
         <name>.debug_info</name>
         <load_address>0x2906</load_address>
         <run_address>0x2906</run_address>
         <size>0x2ab</size>
         <input_file_ref idref="fl-4"/>
      </object_component>
      <object_component id="oc-16a">
         <name>.debug_info</name>
         <load_address>0x2bb1</load_address>
         <run_address>0x2bb1</run_address>
         <size>0xec</size>
         <input_file_ref idref="fl-4"/>
      </object_component>
      <object_component id="oc-175">
         <name>.debug_info</name>
         <load_address>0x2c9d</load_address>
         <run_address>0x2c9d</run_address>
         <size>0xe6</size>
         <input_file_ref idref="fl-4"/>
      </object_component>
      <object_component id="oc-16d">
         <name>.debug_info</name>
         <load_address>0x2d83</load_address>
         <run_address>0x2d83</run_address>
         <size>0xf4</size>
         <input_file_ref idref="fl-4"/>
      </object_component>
      <object_component id="oc-167">
         <name>.debug_info</name>
         <load_address>0x2e77</load_address>
         <run_address>0x2e77</run_address>
         <size>0xf8</size>
         <input_file_ref idref="fl-4"/>
      </object_component>
      <object_component id="oc-91">
         <name>.debug_info</name>
         <load_address>0x2f6f</load_address>
         <run_address>0x2f6f</run_address>
         <size>0x714</size>
         <input_file_ref idref="fl-4"/>
      </object_component>
      <object_component id="oc-18a">
         <name>.debug_info</name>
         <load_address>0x3683</load_address>
         <run_address>0x3683</run_address>
         <size>0x2a6</size>
         <input_file_ref idref="fl-c0"/>
      </object_component>
      <object_component id="oc-b1">
         <name>.debug_info</name>
         <load_address>0x3929</load_address>
         <run_address>0x3929</run_address>
         <size>0x1df</size>
         <input_file_ref idref="fl-c0"/>
      </object_component>
      <object_component id="oc-297">
         <name>.debug_info</name>
         <load_address>0x3b08</load_address>
         <run_address>0x3b08</run_address>
         <size>0x39</size>
         <input_file_ref idref="fl-c0"/>
      </object_component>
      <object_component id="oc-18b">
         <name>.debug_info</name>
         <load_address>0x3b41</load_address>
         <run_address>0x3b41</run_address>
         <size>0x2c</size>
         <input_file_ref idref="fl-c0"/>
      </object_component>
      <object_component id="oc-314">
         <name>.debug_info</name>
         <load_address>0x3b6d</load_address>
         <run_address>0x3b6d</run_address>
         <size>0x2ed</size>
         <input_file_ref idref="fl-c1"/>
      </object_component>
      <object_component id="oc-292">
         <name>.debug_info</name>
         <load_address>0x3e5a</load_address>
         <run_address>0x3e5a</run_address>
         <size>0x127</size>
         <input_file_ref idref="fl-c1"/>
      </object_component>
      <object_component id="oc-187">
         <name>.debug_info</name>
         <load_address>0x3f81</load_address>
         <run_address>0x3f81</run_address>
         <size>0x1a2</size>
         <input_file_ref idref="fl-c1"/>
      </object_component>
      <object_component id="oc-172">
         <name>.debug_info</name>
         <load_address>0x4123</load_address>
         <run_address>0x4123</run_address>
         <size>0x13a</size>
         <input_file_ref idref="fl-c2"/>
      </object_component>
      <object_component id="oc-a6">
         <name>.debug_info</name>
         <load_address>0x425d</load_address>
         <run_address>0x425d</run_address>
         <size>0x144</size>
         <input_file_ref idref="fl-c3"/>
      </object_component>
      <object_component id="oc-9c">
         <name>.debug_info</name>
         <load_address>0x43a1</load_address>
         <run_address>0x43a1</run_address>
         <size>0x132</size>
         <input_file_ref idref="fl-c4"/>
      </object_component>
      <object_component id="oc-a0">
         <name>.debug_info</name>
         <load_address>0x44d3</load_address>
         <run_address>0x44d3</run_address>
         <size>0x132</size>
         <input_file_ref idref="fl-c5"/>
      </object_component>
      <object_component id="oc-aa">
         <name>.debug_info</name>
         <load_address>0x4605</load_address>
         <run_address>0x4605</run_address>
         <size>0x136</size>
         <input_file_ref idref="fl-c6"/>
      </object_component>
      <object_component id="oc-96">
         <name>.debug_info</name>
         <load_address>0x473b</load_address>
         <run_address>0x473b</run_address>
         <size>0x124</size>
         <input_file_ref idref="fl-c7"/>
      </object_component>
      <object_component id="oc-131">
         <name>.debug_info</name>
         <load_address>0x485f</load_address>
         <run_address>0x485f</run_address>
         <size>0x313</size>
         <input_file_ref idref="fl-c8"/>
      </object_component>
      <object_component id="oc-4d">
         <name>.debug_info</name>
         <load_address>0x4b72</load_address>
         <run_address>0x4b72</run_address>
         <size>0x1b4</size>
         <input_file_ref idref="fl-c8"/>
      </object_component>
      <object_component id="oc-12c">
         <name>.debug_info</name>
         <load_address>0x4d26</load_address>
         <run_address>0x4d26</run_address>
         <size>0x46</size>
         <input_file_ref idref="fl-c8"/>
      </object_component>
      <object_component id="oc-22a">
         <name>.debug_info</name>
         <load_address>0x4d6c</load_address>
         <run_address>0x4d6c</run_address>
         <size>0x2c</size>
         <input_file_ref idref="fl-c8"/>
      </object_component>
      <object_component id="oc-49">
         <name>.debug_info</name>
         <load_address>0x4d98</load_address>
         <run_address>0x4d98</run_address>
         <size>0x29d</size>
         <input_file_ref idref="fl-c9"/>
      </object_component>
      <object_component id="oc-1c">
         <name>.debug_info</name>
         <load_address>0x5035</load_address>
         <run_address>0x5035</run_address>
         <size>0x1df</size>
         <input_file_ref idref="fl-c9"/>
      </object_component>
      <object_component id="oc-44">
         <name>.debug_info</name>
         <load_address>0x5214</load_address>
         <run_address>0x5214</run_address>
         <size>0x46</size>
         <input_file_ref idref="fl-c9"/>
      </object_component>
      <object_component id="oc-124">
         <name>.debug_info</name>
         <load_address>0x525a</load_address>
         <run_address>0x525a</run_address>
         <size>0x2c</size>
         <input_file_ref idref="fl-c9"/>
      </object_component>
      <object_component id="oc-122">
         <name>.debug_info</name>
         <load_address>0x5286</load_address>
         <run_address>0x5286</run_address>
         <size>0x293</size>
         <input_file_ref idref="fl-ca"/>
      </object_component>
      <object_component id="oc-15">
         <name>.debug_info</name>
         <load_address>0x5519</load_address>
         <run_address>0x5519</run_address>
         <size>0x245</size>
         <input_file_ref idref="fl-ca"/>
      </object_component>
      <object_component id="oc-34">
         <name>.debug_info</name>
         <load_address>0x575e</load_address>
         <run_address>0x575e</run_address>
         <size>0x60</size>
         <input_file_ref idref="fl-ca"/>
      </object_component>
      <object_component id="oc-223">
         <name>.debug_info</name>
         <load_address>0x57be</load_address>
         <run_address>0x57be</run_address>
         <size>0x46</size>
         <input_file_ref idref="fl-ca"/>
      </object_component>
      <object_component id="oc-11d">
         <name>.debug_info</name>
         <load_address>0x5804</load_address>
         <run_address>0x5804</run_address>
         <size>0x39</size>
         <input_file_ref idref="fl-ca"/>
      </object_component>
      <object_component id="oc-22">
         <name>.debug_info</name>
         <load_address>0x583d</load_address>
         <run_address>0x583d</run_address>
         <size>0x100</size>
         <input_file_ref idref="fl-cb"/>
      </object_component>
      <object_component id="oc-60">
         <name>.debug_info</name>
         <load_address>0x593d</load_address>
         <run_address>0x593d</run_address>
         <size>0x1a4</size>
         <input_file_ref idref="fl-cb"/>
      </object_component>
      <object_component id="oc-237">
         <name>.debug_info</name>
         <load_address>0x5ae1</load_address>
         <run_address>0x5ae1</run_address>
         <size>0x117</size>
         <input_file_ref idref="fl-cc"/>
      </object_component>
      <object_component id="oc-287">
         <name>.debug_info</name>
         <load_address>0x5bf8</load_address>
         <run_address>0x5bf8</run_address>
         <size>0x10d</size>
         <input_file_ref idref="fl-cf"/>
      </object_component>
      <object_component id="oc-3f">
         <name>.debug_info</name>
         <load_address>0x5d05</load_address>
         <run_address>0x5d05</run_address>
         <size>0x111</size>
         <input_file_ref idref="fl-d1"/>
      </object_component>
      <object_component id="oc-2fc">
         <name>.debug_info</name>
         <load_address>0x5e16</load_address>
         <run_address>0x5e16</run_address>
         <size>0x547</size>
         <input_file_ref idref="fl-d2"/>
      </object_component>
      <object_component id="oc-240">
         <name>.debug_info</name>
         <load_address>0x635d</load_address>
         <run_address>0x635d</run_address>
         <size>0x19b</size>
         <input_file_ref idref="fl-d2"/>
      </object_component>
      <object_component id="oc-331">
         <name>.debug_info</name>
         <load_address>0x64f8</load_address>
         <run_address>0x64f8</run_address>
         <size>0x39</size>
         <input_file_ref idref="fl-d2"/>
      </object_component>
      <object_component id="oc-347">
         <name>.debug_info</name>
         <load_address>0x6531</load_address>
         <run_address>0x6531</run_address>
         <size>0x39</size>
         <input_file_ref idref="fl-d2"/>
      </object_component>
      <object_component id="oc-336">
         <name>.debug_info</name>
         <load_address>0x656a</load_address>
         <run_address>0x656a</run_address>
         <size>0x39</size>
         <input_file_ref idref="fl-d2"/>
      </object_component>
      <object_component id="oc-33b">
         <name>.debug_info</name>
         <load_address>0x65a3</load_address>
         <run_address>0x65a3</run_address>
         <size>0xcd</size>
         <input_file_ref idref="fl-d2"/>
      </object_component>
      <object_component id="oc-13c">
         <name>.debug_info</name>
         <load_address>0x6670</load_address>
         <run_address>0x6670</run_address>
         <size>0x148</size>
         <input_file_ref idref="fl-d3"/>
      </object_component>
      <object_component id="oc-1ac">
         <name>.debug_info</name>
         <load_address>0x67b8</load_address>
         <run_address>0x67b8</run_address>
         <size>0x44b</size>
         <input_file_ref idref="fl-d5"/>
      </object_component>
      <object_component id="oc-1fd">
         <name>.debug_info</name>
         <load_address>0x6c03</load_address>
         <run_address>0x6c03</run_address>
         <size>0x484</size>
         <input_file_ref idref="fl-d5"/>
      </object_component>
      <object_component id="oc-2e9">
         <name>.debug_info</name>
         <load_address>0x7087</load_address>
         <run_address>0x7087</run_address>
         <size>0x2f2</size>
         <input_file_ref idref="fl-d5"/>
      </object_component>
      <object_component id="oc-20b">
         <name>.debug_info</name>
         <load_address>0x7379</load_address>
         <run_address>0x7379</run_address>
         <size>0x3a4</size>
         <input_file_ref idref="fl-d5"/>
      </object_component>
      <object_component id="oc-1ba">
         <name>.debug_info</name>
         <load_address>0x771d</load_address>
         <run_address>0x771d</run_address>
         <size>0x32c</size>
         <input_file_ref idref="fl-d5"/>
      </object_component>
      <object_component id="oc-1c0">
         <name>.debug_info</name>
         <load_address>0x7a49</load_address>
         <run_address>0x7a49</run_address>
         <size>0x2a1</size>
         <input_file_ref idref="fl-d5"/>
      </object_component>
      <object_component id="oc-1c6">
         <name>.debug_info</name>
         <load_address>0x7cea</load_address>
         <run_address>0x7cea</run_address>
         <size>0x2ba</size>
         <input_file_ref idref="fl-d5"/>
      </object_component>
      <object_component id="oc-1cc">
         <name>.debug_info</name>
         <load_address>0x7fa4</load_address>
         <run_address>0x7fa4</run_address>
         <size>0x2c7</size>
         <input_file_ref idref="fl-d5"/>
      </object_component>
      <object_component id="oc-1d2">
         <name>.debug_info</name>
         <load_address>0x826b</load_address>
         <run_address>0x826b</run_address>
         <size>0x2c5</size>
         <input_file_ref idref="fl-d5"/>
      </object_component>
      <object_component id="oc-1d8">
         <name>.debug_info</name>
         <load_address>0x8530</load_address>
         <run_address>0x8530</run_address>
         <size>0x2bf</size>
         <input_file_ref idref="fl-d5"/>
      </object_component>
      <object_component id="oc-1de">
         <name>.debug_info</name>
         <load_address>0x87ef</load_address>
         <run_address>0x87ef</run_address>
         <size>0x2bb</size>
         <input_file_ref idref="fl-d5"/>
      </object_component>
      <object_component id="oc-1e4">
         <name>.debug_info</name>
         <load_address>0x8aaa</load_address>
         <run_address>0x8aaa</run_address>
         <size>0x2ea</size>
         <input_file_ref idref="fl-d5"/>
      </object_component>
      <object_component id="oc-1ea">
         <name>.debug_info</name>
         <load_address>0x8d94</load_address>
         <run_address>0x8d94</run_address>
         <size>0x2e0</size>
         <input_file_ref idref="fl-d5"/>
      </object_component>
      <object_component id="oc-1f0">
         <name>.debug_info</name>
         <load_address>0x9074</load_address>
         <run_address>0x9074</run_address>
         <size>0x2c7</size>
         <input_file_ref idref="fl-d5"/>
      </object_component>
      <object_component id="oc-1f6">
         <name>.debug_info</name>
         <load_address>0x933b</load_address>
         <run_address>0x933b</run_address>
         <size>0x32d</size>
         <input_file_ref idref="fl-d5"/>
      </object_component>
      <object_component id="oc-d9">
         <name>.debug_info</name>
         <load_address>0x9668</load_address>
         <run_address>0x9668</run_address>
         <size>0x3f3</size>
         <input_file_ref idref="fl-d5"/>
      </object_component>
      <object_component id="oc-d3">
         <name>.debug_info</name>
         <load_address>0x9a5b</load_address>
         <run_address>0x9a5b</run_address>
         <size>0x350</size>
         <input_file_ref idref="fl-d5"/>
      </object_component>
      <object_component id="oc-2a9">
         <name>.debug_info</name>
         <load_address>0x9dab</load_address>
         <run_address>0x9dab</run_address>
         <size>0x4e6</size>
         <input_file_ref idref="fl-d5"/>
      </object_component>
      <object_component id="oc-14b">
         <name>.debug_info</name>
         <load_address>0xa291</load_address>
         <run_address>0xa291</run_address>
         <size>0x18b</size>
         <input_file_ref idref="fl-d5"/>
      </object_component>
      <object_component id="oc-209">
         <name>.debug_info</name>
         <load_address>0xa41c</load_address>
         <run_address>0xa41c</run_address>
         <size>0x374</size>
         <input_file_ref idref="fl-d6"/>
      </object_component>
      <object_component id="oc-213">
         <name>.debug_info</name>
         <load_address>0xa790</load_address>
         <run_address>0xa790</run_address>
         <size>0x19c</size>
         <input_file_ref idref="fl-d6"/>
      </object_component>
      <object_component id="oc-e5">
         <name>.debug_info</name>
         <load_address>0xa92c</load_address>
         <run_address>0xa92c</run_address>
         <size>0x34f</size>
         <input_file_ref idref="fl-d6"/>
      </object_component>
      <object_component id="oc-df">
         <name>.debug_info</name>
         <load_address>0xac7b</load_address>
         <run_address>0xac7b</run_address>
         <size>0x334</size>
         <input_file_ref idref="fl-d6"/>
      </object_component>
      <object_component id="oc-eb">
         <name>.debug_info</name>
         <load_address>0xafaf</load_address>
         <run_address>0xafaf</run_address>
         <size>0x2f0</size>
         <input_file_ref idref="fl-d6"/>
      </object_component>
      <object_component id="oc-f7">
         <name>.debug_info</name>
         <load_address>0xb29f</load_address>
         <run_address>0xb29f</run_address>
         <size>0x304</size>
         <input_file_ref idref="fl-d6"/>
      </object_component>
      <object_component id="oc-f2">
         <name>.debug_info</name>
         <load_address>0xb5a3</load_address>
         <run_address>0xb5a3</run_address>
         <size>0x312</size>
         <input_file_ref idref="fl-d6"/>
      </object_component>
      <object_component id="oc-203">
         <name>.debug_info</name>
         <load_address>0xb8b5</load_address>
         <run_address>0xb8b5</run_address>
         <size>0x2c0</size>
         <input_file_ref idref="fl-d6"/>
      </object_component>
      <object_component id="oc-2e3">
         <name>.debug_info</name>
         <load_address>0xbb75</load_address>
         <run_address>0xbb75</run_address>
         <size>0x158</size>
         <input_file_ref idref="fl-d6"/>
      </object_component>
      <object_component id="oc-156">
         <name>.debug_info</name>
         <load_address>0xbccd</load_address>
         <run_address>0xbccd</run_address>
         <size>0x240</size>
         <input_file_ref idref="fl-d7"/>
      </object_component>
      <object_component id="oc-153">
         <name>.debug_info</name>
         <load_address>0xbf0d</load_address>
         <run_address>0xbf0d</run_address>
         <size>0x15b</size>
         <input_file_ref idref="fl-d7"/>
      </object_component>
      <object_component id="oc-158">
         <name>.debug_info</name>
         <load_address>0xc068</load_address>
         <run_address>0xc068</run_address>
         <size>0x2b3</size>
         <input_file_ref idref="fl-d7"/>
      </object_component>
      <object_component id="oc-15e">
         <name>.debug_info</name>
         <load_address>0xc31b</load_address>
         <run_address>0xc31b</run_address>
         <size>0x316</size>
         <input_file_ref idref="fl-d7"/>
      </object_component>
      <object_component id="oc-84">
         <name>.debug_info</name>
         <load_address>0xc631</load_address>
         <run_address>0xc631</run_address>
         <size>0x27b</size>
         <input_file_ref idref="fl-d7"/>
      </object_component>
      <object_component id="oc-bb">
         <name>.debug_info</name>
         <load_address>0xc8ac</load_address>
         <run_address>0xc8ac</run_address>
         <size>0x27f</size>
         <input_file_ref idref="fl-d7"/>
      </object_component>
      <object_component id="oc-c1">
         <name>.debug_info</name>
         <load_address>0xcb2b</load_address>
         <run_address>0xcb2b</run_address>
         <size>0x279</size>
         <input_file_ref idref="fl-d7"/>
      </object_component>
      <object_component id="oc-7e">
         <name>.debug_info</name>
         <load_address>0xcda4</load_address>
         <run_address>0xcda4</run_address>
         <size>0x280</size>
         <input_file_ref idref="fl-d7"/>
      </object_component>
      <object_component id="oc-19e">
         <name>.debug_info</name>
         <load_address>0xd024</load_address>
         <run_address>0xd024</run_address>
         <size>0x231</size>
         <input_file_ref idref="fl-d8"/>
      </object_component>
      <object_component id="oc-2bc">
         <name>.debug_info</name>
         <load_address>0xd255</load_address>
         <run_address>0xd255</run_address>
         <size>0x2ce</size>
         <input_file_ref idref="fl-d8"/>
      </object_component>
      <object_component id="oc-1a6">
         <name>.debug_info</name>
         <load_address>0xd523</load_address>
         <run_address>0xd523</run_address>
         <size>0x29a</size>
         <input_file_ref idref="fl-d8"/>
      </object_component>
      <object_component id="oc-1ae">
         <name>.debug_info</name>
         <load_address>0xd7bd</load_address>
         <run_address>0xd7bd</run_address>
         <size>0x252</size>
         <input_file_ref idref="fl-d8"/>
      </object_component>
      <object_component id="oc-198">
         <name>.debug_info</name>
         <load_address>0xda0f</load_address>
         <run_address>0xda0f</run_address>
         <size>0x24e</size>
         <input_file_ref idref="fl-d8"/>
      </object_component>
      <object_component id="oc-cd">
         <name>.debug_info</name>
         <load_address>0xdc5d</load_address>
         <run_address>0xdc5d</run_address>
         <size>0x2d5</size>
         <input_file_ref idref="fl-d8"/>
      </object_component>
      <object_component id="oc-2c4">
         <name>.debug_info</name>
         <load_address>0xdf32</load_address>
         <run_address>0xdf32</run_address>
         <size>0x27e</size>
         <input_file_ref idref="fl-d8"/>
      </object_component>
      <object_component id="oc-2b2">
         <name>.debug_info</name>
         <load_address>0xe1b0</load_address>
         <run_address>0xe1b0</run_address>
         <size>0x254</size>
         <input_file_ref idref="fl-d8"/>
      </object_component>
      <object_component id="oc-1b4">
         <name>.debug_info</name>
         <load_address>0xe404</load_address>
         <run_address>0xe404</run_address>
         <size>0x27e</size>
         <input_file_ref idref="fl-d8"/>
      </object_component>
      <object_component id="oc-2a5">
         <name>.debug_info</name>
         <load_address>0xe682</load_address>
         <run_address>0xe682</run_address>
         <size>0x20e</size>
         <input_file_ref idref="fl-d9"/>
      </object_component>
      <object_component id="oc-2a2">
         <name>.debug_info</name>
         <load_address>0xe890</load_address>
         <run_address>0xe890</run_address>
         <size>0x210</size>
         <input_file_ref idref="fl-d9"/>
      </object_component>
      <object_component id="oc-2da">
         <name>.debug_info</name>
         <load_address>0xeaa0</load_address>
         <run_address>0xeaa0</run_address>
         <size>0x26a</size>
         <input_file_ref idref="fl-d9"/>
      </object_component>
      <object_component id="oc-2ce">
         <name>.debug_info</name>
         <load_address>0xed0a</load_address>
         <run_address>0xed0a</run_address>
         <size>0x2a1</size>
         <input_file_ref idref="fl-d9"/>
      </object_component>
      <object_component id="oc-1a0">
         <name>.debug_info</name>
         <load_address>0xefab</load_address>
         <run_address>0xefab</run_address>
         <size>0x268</size>
         <input_file_ref idref="fl-d9"/>
      </object_component>
      <object_component id="oc-2d4">
         <name>.debug_info</name>
         <load_address>0xf213</load_address>
         <run_address>0xf213</run_address>
         <size>0x26a</size>
         <input_file_ref idref="fl-d9"/>
      </object_component>
      <object_component id="oc-150">
         <name>.debug_info</name>
         <load_address>0xf47d</load_address>
         <run_address>0xf47d</run_address>
         <size>0x298</size>
         <input_file_ref idref="fl-da"/>
      </object_component>
      <object_component id="oc-194">
         <name>.debug_info</name>
         <load_address>0xf715</load_address>
         <run_address>0xf715</run_address>
         <size>0x14d</size>
         <input_file_ref idref="fl-da"/>
      </object_component>
      <object_component id="oc-b5">
         <name>.debug_info</name>
         <load_address>0xf862</load_address>
         <run_address>0xf862</run_address>
         <size>0x295</size>
         <input_file_ref idref="fl-da"/>
      </object_component>
      <object_component id="oc-78">
         <name>.debug_info</name>
         <load_address>0xfaf7</load_address>
         <run_address>0xfaf7</run_address>
         <size>0x27d</size>
         <input_file_ref idref="fl-da"/>
      </object_component>
      <object_component id="oc-72">
         <name>.debug_info</name>
         <load_address>0xfd74</load_address>
         <run_address>0xfd74</run_address>
         <size>0x2db</size>
         <input_file_ref idref="fl-da"/>
      </object_component>
      <object_component id="oc-c7">
         <name>.debug_info</name>
         <load_address>0x1004f</load_address>
         <run_address>0x1004f</run_address>
         <size>0x2b5</size>
         <input_file_ref idref="fl-da"/>
      </object_component>
      <object_component id="oc-273">
         <name>.debug_info</name>
         <load_address>0x10304</load_address>
         <run_address>0x10304</run_address>
         <size>0x5f</size>
         <input_file_ref idref="fl-da"/>
      </object_component>
      <object_component id="oc-165">
         <name>.debug_info</name>
         <load_address>0x10363</load_address>
         <run_address>0x10363</run_address>
         <size>0x227</size>
         <input_file_ref idref="fl-db"/>
      </object_component>
      <object_component id="oc-8a">
         <name>.debug_info</name>
         <load_address>0x1058a</load_address>
         <run_address>0x1058a</run_address>
         <size>0x291</size>
         <input_file_ref idref="fl-db"/>
      </object_component>
      <object_component id="oc-37f">
         <name>.debug_info</name>
         <load_address>0x1081b</load_address>
         <run_address>0x1081b</run_address>
         <size>0xb6</size>
      </object_component>
      <object_component id="oc-218">
         <name>.debug_line</name>
         <load_address>0x0</load_address>
         <run_address>0x0</run_address>
         <size>0x1f3</size>
         <input_file_ref idref="fl-2"/>
      </object_component>
      <object_component id="oc-2e">
         <name>.debug_line</name>
         <load_address>0x1f3</load_address>
         <run_address>0x1f3</run_address>
         <size>0x16c</size>
         <input_file_ref idref="fl-2"/>
      </object_component>
      <object_component id="oc-21c">
         <name>.debug_line</name>
         <load_address>0x35f</load_address>
         <run_address>0x35f</run_address>
         <size>0x5a</size>
         <input_file_ref idref="fl-2"/>
      </object_component>
      <object_component id="oc-10f">
         <name>.debug_line</name>
         <load_address>0x3b9</load_address>
         <run_address>0x3b9</run_address>
         <size>0x59</size>
         <input_file_ref idref="fl-2"/>
      </object_component>
      <object_component id="oc-116">
         <name>.debug_line</name>
         <load_address>0x412</load_address>
         <run_address>0x412</run_address>
         <size>0x69</size>
         <input_file_ref idref="fl-2"/>
      </object_component>
      <object_component id="oc-105">
         <name>.debug_line</name>
         <load_address>0x47b</load_address>
         <run_address>0x47b</run_address>
         <size>0x20</size>
         <input_file_ref idref="fl-2"/>
      </object_component>
      <object_component id="oc-221">
         <name>.debug_line</name>
         <load_address>0x49b</load_address>
         <run_address>0x49b</run_address>
         <size>0x6d</size>
         <input_file_ref idref="fl-2"/>
      </object_component>
      <object_component id="oc-10a">
         <name>.debug_line</name>
         <load_address>0x508</load_address>
         <run_address>0x508</run_address>
         <size>0x69</size>
         <input_file_ref idref="fl-2"/>
      </object_component>
      <object_component id="oc-11b">
         <name>.debug_line</name>
         <load_address>0x571</load_address>
         <run_address>0x571</run_address>
         <size>0x6a</size>
         <input_file_ref idref="fl-2"/>
      </object_component>
      <object_component id="oc-17c">
         <name>.debug_line</name>
         <load_address>0x5db</load_address>
         <run_address>0x5db</run_address>
         <size>0x65</size>
         <input_file_ref idref="fl-2"/>
      </object_component>
      <object_component id="oc-112">
         <name>.debug_line</name>
         <load_address>0x640</load_address>
         <run_address>0x640</run_address>
         <size>0x41</size>
         <input_file_ref idref="fl-3"/>
      </object_component>
      <object_component id="oc-31">
         <name>.debug_line</name>
         <load_address>0x681</load_address>
         <run_address>0x681</run_address>
         <size>0x41</size>
         <input_file_ref idref="fl-3"/>
      </object_component>
      <object_component id="oc-28">
         <name>.debug_line</name>
         <load_address>0x6c2</load_address>
         <run_address>0x6c2</run_address>
         <size>0xa1</size>
         <input_file_ref idref="fl-3"/>
      </object_component>
      <object_component id="oc-3c">
         <name>.debug_line</name>
         <load_address>0x763</load_address>
         <run_address>0x763</run_address>
         <size>0x20</size>
         <input_file_ref idref="fl-3"/>
      </object_component>
      <object_component id="oc-290">
         <name>.debug_line</name>
         <load_address>0x783</load_address>
         <run_address>0x783</run_address>
         <size>0x20</size>
         <input_file_ref idref="fl-4"/>
      </object_component>
      <object_component id="oc-283">
         <name>.debug_line</name>
         <load_address>0x7a3</load_address>
         <run_address>0x7a3</run_address>
         <size>0x32</size>
         <input_file_ref idref="fl-4"/>
      </object_component>
      <object_component id="oc-28e">
         <name>.debug_line</name>
         <load_address>0x7d5</load_address>
         <run_address>0x7d5</run_address>
         <size>0x32</size>
         <input_file_ref idref="fl-4"/>
      </object_component>
      <object_component id="oc-285">
         <name>.debug_line</name>
         <load_address>0x807</load_address>
         <run_address>0x807</run_address>
         <size>0x32</size>
         <input_file_ref idref="fl-4"/>
      </object_component>
      <object_component id="oc-281">
         <name>.debug_line</name>
         <load_address>0x839</load_address>
         <run_address>0x839</run_address>
         <size>0x32</size>
         <input_file_ref idref="fl-4"/>
      </object_component>
      <object_component id="oc-94">
         <name>.debug_line</name>
         <load_address>0x86b</load_address>
         <run_address>0x86b</run_address>
         <size>0x283</size>
         <input_file_ref idref="fl-4"/>
      </object_component>
      <object_component id="oc-296">
         <name>.debug_line</name>
         <load_address>0xaee</load_address>
         <run_address>0xaee</run_address>
         <size>0x2a</size>
         <input_file_ref idref="fl-c0"/>
      </object_component>
      <object_component id="oc-af">
         <name>.debug_line</name>
         <load_address>0xb18</load_address>
         <run_address>0xb18</run_address>
         <size>0xb3</size>
         <input_file_ref idref="fl-c0"/>
      </object_component>
      <object_component id="oc-29a">
         <name>.debug_line</name>
         <load_address>0xbcb</load_address>
         <run_address>0xbcb</run_address>
         <size>0x92</size>
         <input_file_ref idref="fl-c0"/>
      </object_component>
      <object_component id="oc-18e">
         <name>.debug_line</name>
         <load_address>0xc5d</load_address>
         <run_address>0xc5d</run_address>
         <size>0x8f</size>
         <input_file_ref idref="fl-c0"/>
      </object_component>
      <object_component id="oc-343">
         <name>.debug_line</name>
         <load_address>0xcec</load_address>
         <run_address>0xcec</run_address>
         <size>0x20</size>
         <input_file_ref idref="fl-c1"/>
      </object_component>
      <object_component id="oc-313">
         <name>.debug_line</name>
         <load_address>0xd0c</load_address>
         <run_address>0xd0c</run_address>
         <size>0x2d</size>
         <input_file_ref idref="fl-c1"/>
      </object_component>
      <object_component id="oc-186">
         <name>.debug_line</name>
         <load_address>0xd39</load_address>
         <run_address>0xd39</run_address>
         <size>0xae</size>
         <input_file_ref idref="fl-c1"/>
      </object_component>
      <object_component id="oc-170">
         <name>.debug_line</name>
         <load_address>0xde7</load_address>
         <run_address>0xde7</run_address>
         <size>0x5b</size>
         <input_file_ref idref="fl-c2"/>
      </object_component>
      <object_component id="oc-a8">
         <name>.debug_line</name>
         <load_address>0xe42</load_address>
         <run_address>0xe42</run_address>
         <size>0xd2</size>
         <input_file_ref idref="fl-c3"/>
      </object_component>
      <object_component id="oc-9b">
         <name>.debug_line</name>
         <load_address>0xf14</load_address>
         <run_address>0xf14</run_address>
         <size>0xa8</size>
         <input_file_ref idref="fl-c4"/>
      </object_component>
      <object_component id="oc-a3">
         <name>.debug_line</name>
         <load_address>0xfbc</load_address>
         <run_address>0xfbc</run_address>
         <size>0x8e</size>
         <input_file_ref idref="fl-c5"/>
      </object_component>
      <object_component id="oc-ad">
         <name>.debug_line</name>
         <load_address>0x104a</load_address>
         <run_address>0x104a</run_address>
         <size>0x67</size>
         <input_file_ref idref="fl-c6"/>
      </object_component>
      <object_component id="oc-99">
         <name>.debug_line</name>
         <load_address>0x10b1</load_address>
         <run_address>0x10b1</run_address>
         <size>0x57</size>
         <input_file_ref idref="fl-c7"/>
      </object_component>
      <object_component id="oc-230">
         <name>.debug_line</name>
         <load_address>0x1108</load_address>
         <run_address>0x1108</run_address>
         <size>0x9e</size>
         <input_file_ref idref="fl-c8"/>
      </object_component>
      <object_component id="oc-4c">
         <name>.debug_line</name>
         <load_address>0x11a6</load_address>
         <run_address>0x11a6</run_address>
         <size>0x4f</size>
         <input_file_ref idref="fl-c8"/>
      </object_component>
      <object_component id="oc-12f">
         <name>.debug_line</name>
         <load_address>0x11f5</load_address>
         <run_address>0x11f5</run_address>
         <size>0x34</size>
         <input_file_ref idref="fl-c8"/>
      </object_component>
      <object_component id="oc-22d">
         <name>.debug_line</name>
         <load_address>0x1229</load_address>
         <run_address>0x1229</run_address>
         <size>0x8a</size>
         <input_file_ref idref="fl-c8"/>
      </object_component>
      <object_component id="oc-12a">
         <name>.debug_line</name>
         <load_address>0x12b3</load_address>
         <run_address>0x12b3</run_address>
         <size>0x20</size>
         <input_file_ref idref="fl-c9"/>
      </object_component>
      <object_component id="oc-1b">
         <name>.debug_line</name>
         <load_address>0x12d3</load_address>
         <run_address>0x12d3</run_address>
         <size>0x55</size>
         <input_file_ref idref="fl-c9"/>
      </object_component>
      <object_component id="oc-47">
         <name>.debug_line</name>
         <load_address>0x1328</load_address>
         <run_address>0x1328</run_address>
         <size>0x3a</size>
         <input_file_ref idref="fl-c9"/>
      </object_component>
      <object_component id="oc-127">
         <name>.debug_line</name>
         <load_address>0x1362</load_address>
         <run_address>0x1362</run_address>
         <size>0x8a</size>
         <input_file_ref idref="fl-c9"/>
      </object_component>
      <object_component id="oc-229">
         <name>.debug_line</name>
         <load_address>0x13ec</load_address>
         <run_address>0x13ec</run_address>
         <size>0x20</size>
         <input_file_ref idref="fl-ca"/>
      </object_component>
      <object_component id="oc-17">
         <name>.debug_line</name>
         <load_address>0x140c</load_address>
         <run_address>0x140c</run_address>
         <size>0xa9</size>
         <input_file_ref idref="fl-ca"/>
      </object_component>
      <object_component id="oc-37">
         <name>.debug_line</name>
         <load_address>0x14b5</load_address>
         <run_address>0x14b5</run_address>
         <size>0x3a</size>
         <input_file_ref idref="fl-ca"/>
      </object_component>
      <object_component id="oc-226">
         <name>.debug_line</name>
         <load_address>0x14ef</load_address>
         <run_address>0x14ef</run_address>
         <size>0x92</size>
         <input_file_ref idref="fl-ca"/>
      </object_component>
      <object_component id="oc-120">
         <name>.debug_line</name>
         <load_address>0x1581</load_address>
         <run_address>0x1581</run_address>
         <size>0x8e</size>
         <input_file_ref idref="fl-ca"/>
      </object_component>
      <object_component id="oc-6f">
         <name>.debug_line</name>
         <load_address>0x160f</load_address>
         <run_address>0x160f</run_address>
         <size>0x33</size>
         <input_file_ref idref="fl-cb"/>
      </object_component>
      <object_component id="oc-5e">
         <name>.debug_line</name>
         <load_address>0x1642</load_address>
         <run_address>0x1642</run_address>
         <size>0x56</size>
         <input_file_ref idref="fl-cb"/>
      </object_component>
      <object_component id="oc-236">
         <name>.debug_line</name>
         <load_address>0x1698</load_address>
         <run_address>0x1698</run_address>
         <size>0x3c</size>
         <input_file_ref idref="fl-cc"/>
      </object_component>
      <object_component id="oc-28a">
         <name>.debug_line</name>
         <load_address>0x16d4</load_address>
         <run_address>0x16d4</run_address>
         <size>0x37</size>
         <input_file_ref idref="fl-cf"/>
      </object_component>
      <object_component id="oc-42">
         <name>.debug_line</name>
         <load_address>0x170b</load_address>
         <run_address>0x170b</run_address>
         <size>0x88</size>
         <input_file_ref idref="fl-d1"/>
      </object_component>
      <object_component id="oc-330">
         <name>.debug_line</name>
         <load_address>0x1793</load_address>
         <run_address>0x1793</run_address>
         <size>0xb7</size>
         <input_file_ref idref="fl-d2"/>
      </object_component>
      <object_component id="oc-244">
         <name>.debug_line</name>
         <load_address>0x184a</load_address>
         <run_address>0x184a</run_address>
         <size>0x6c</size>
         <input_file_ref idref="fl-d2"/>
      </object_component>
      <object_component id="oc-334">
         <name>.debug_line</name>
         <load_address>0x18b6</load_address>
         <run_address>0x18b6</run_address>
         <size>0x2e</size>
         <input_file_ref idref="fl-d2"/>
      </object_component>
      <object_component id="oc-34a">
         <name>.debug_line</name>
         <load_address>0x18e4</load_address>
         <run_address>0x18e4</run_address>
         <size>0x92</size>
         <input_file_ref idref="fl-d2"/>
      </object_component>
      <object_component id="oc-339">
         <name>.debug_line</name>
         <load_address>0x1976</load_address>
         <run_address>0x1976</run_address>
         <size>0x8f</size>
         <input_file_ref idref="fl-d2"/>
      </object_component>
      <object_component id="oc-33e">
         <name>.debug_line</name>
         <load_address>0x1a05</load_address>
         <run_address>0x1a05</run_address>
         <size>0x8b</size>
         <input_file_ref idref="fl-d2"/>
      </object_component>
      <object_component id="oc-139">
         <name>.debug_line</name>
         <load_address>0x1a90</load_address>
         <run_address>0x1a90</run_address>
         <size>0x40</size>
         <input_file_ref idref="fl-d3"/>
      </object_component>
      <object_component id="oc-2a8">
         <name>.debug_line</name>
         <load_address>0x1ad0</load_address>
         <run_address>0x1ad0</run_address>
         <size>0xde</size>
         <input_file_ref idref="fl-d5"/>
      </object_component>
      <object_component id="oc-200">
         <name>.debug_line</name>
         <load_address>0x1bae</load_address>
         <run_address>0x1bae</run_address>
         <size>0xdb</size>
         <input_file_ref idref="fl-d5"/>
      </object_component>
      <object_component id="oc-2ec">
         <name>.debug_line</name>
         <load_address>0x1c89</load_address>
         <run_address>0x1c89</run_address>
         <size>0x124</size>
         <input_file_ref idref="fl-d5"/>
      </object_component>
      <object_component id="oc-20e">
         <name>.debug_line</name>
         <load_address>0x1dad</load_address>
         <run_address>0x1dad</run_address>
         <size>0x13f</size>
         <input_file_ref idref="fl-d5"/>
      </object_component>
      <object_component id="oc-1bd">
         <name>.debug_line</name>
         <load_address>0x1eec</load_address>
         <run_address>0x1eec</run_address>
         <size>0xad</size>
         <input_file_ref idref="fl-d5"/>
      </object_component>
      <object_component id="oc-1c3">
         <name>.debug_line</name>
         <load_address>0x1f99</load_address>
         <run_address>0x1f99</run_address>
         <size>0xa3</size>
         <input_file_ref idref="fl-d5"/>
      </object_component>
      <object_component id="oc-1c9">
         <name>.debug_line</name>
         <load_address>0x203c</load_address>
         <run_address>0x203c</run_address>
         <size>0xb1</size>
         <input_file_ref idref="fl-d5"/>
      </object_component>
      <object_component id="oc-1cf">
         <name>.debug_line</name>
         <load_address>0x20ed</load_address>
         <run_address>0x20ed</run_address>
         <size>0xaf</size>
         <input_file_ref idref="fl-d5"/>
      </object_component>
      <object_component id="oc-1d5">
         <name>.debug_line</name>
         <load_address>0x219c</load_address>
         <run_address>0x219c</run_address>
         <size>0xb0</size>
         <input_file_ref idref="fl-d5"/>
      </object_component>
      <object_component id="oc-1db">
         <name>.debug_line</name>
         <load_address>0x224c</load_address>
         <run_address>0x224c</run_address>
         <size>0x99</size>
         <input_file_ref idref="fl-d5"/>
      </object_component>
      <object_component id="oc-1e1">
         <name>.debug_line</name>
         <load_address>0x22e5</load_address>
         <run_address>0x22e5</run_address>
         <size>0x99</size>
         <input_file_ref idref="fl-d5"/>
      </object_component>
      <object_component id="oc-1e7">
         <name>.debug_line</name>
         <load_address>0x237e</load_address>
         <run_address>0x237e</run_address>
         <size>0xbc</size>
         <input_file_ref idref="fl-d5"/>
      </object_component>
      <object_component id="oc-1ed">
         <name>.debug_line</name>
[...]
            <object_component_ref idref="oc-3a"/>
            <object_component_ref idref="oc-298"/>
            <object_component_ref idref="oc-18c"/>
            <object_component_ref idref="oc-315"/>
            <object_component_ref idref="oc-12d"/>
            <object_component_ref idref="oc-22b"/>
            <object_component_ref idref="oc-45"/>
            <object_component_ref idref="oc-125"/>
            <object_component_ref idref="oc-35"/>
            <object_component_ref idref="oc-224"/>
            <object_component_ref idref="oc-11e"/>
            <object_component_ref idref="oc-332"/>
            <object_component_ref idref="oc-348"/>
            <object_component_ref idref="oc-337"/>
            <object_component_ref idref="oc-33c"/>
            <object_component_ref idref="oc-2aa"/>
            <object_component_ref idref="oc-14c"/>
            <object_component_ref idref="oc-2e4"/>
            <object_component_ref idref="oc-274"/>
         </contents>
      </logical_group>
      <load_segment id="lg-388" display="no" color="cyan">
         <name>SEGMENT_0</name>
         <load_address>0x0</load_address>
         <run_address>0x0</run_address>
         <size>0x2710</size>
         <flags>0x5</flags>
         <contents>
            <logical_group_ref idref="lg-3"/>
            <logical_group_ref idref="lg-4"/>
            <logical_group_ref idref="lg-5"/>
            <logical_group_ref idref="lg-6"/>
         </contents>
      </load_segment>
      <load_segment id="lg-389" display="no" color="cyan">
         <name>SEGMENT_1</name>
         <run_address>0x20000000</run_address>
         <size>0x32d</size>
         <flags>0x6</flags>
         <contents>
            <logical_group_ref idref="lg-d"/>
            <logical_group_ref idref="lg-b"/>
            <logical_group_ref idref="lg-a"/>
         </contents>
      </load_segment>
   </logical_group_list>
   <placement_map>
      <memory_area display="yes" color="green">
         <name>FLASH</name>
         <page_id>0x0</page_id>
         <origin>0x0</origin>
         <length>0x40000</length>
         <used_space>0x270a</used_space>
         <unused_space>0x3d8f6</unused_space>
         <attributes>RX</attributes>
         <usage_details>
            <allocated_space>
               <start_address>0x0</start_address>
               <size>0x26c</size>
               <logical_group_ref idref="lg-3"/>
            </allocated_space>
            <allocated_space>
               <start_address>0x26c</start_address>
               <size>0x227e</size>
               <logical_group_ref idref="lg-4"/>
            </allocated_space>
            <available_space>
               <start_address>0x24ea</start_address>
               <size>0x2</size>
            </available_space>
            <allocated_space>
               <start_address>0x24ec</start_address>
               <size>0x1f0</size>
               <logical_group_ref idref="lg-5"/>
            </allocated_space>
            <available_space>
               <start_address>0x26dc</start_address>
               <size>0x4</size>
            </available_space>
            <allocated_space>
               <start_address>0x26e0</start_address>
               <size>0x30</size>
               <logical_group_ref idref="lg-6"/>
            </allocated_space>
            <available_space>
               <start_address>0x2710</start_address>
               <size>0x3d8f0</size>
            </available_space>
         </usage_details>
      </memory_area>
      <memory_area display="yes" color="green">
         <name>SRAM</name>
         <page_id>0x0</page_id>
         <origin>0x20000000</origin>
         <length>0x8000</length>
         <used_space>0x32a</used_space>
         <unused_space>0x7cd6</unused_space>
         <attributes>RWX</attributes>
         <usage_details>
            <allocated_space>
               <start_address>0x20000000</start_address>
               <size>0x200</size>
               <logical_group_ref idref="lg-d"/>
            </allocated_space>
            <allocated_space>
               <start_address>0x20000200</start_address>
               <size>0x125</size>
               <logical_group_ref idref="lg-b"/>
            </allocated_space>
            <available_space>
               <start_address>0x20000325</start_address>
               <size>0x3</size>
            </available_space>
            <allocated_space>
               <start_address>0x20000328</start_address>
               <size>0x5</size>
               <logical_group_ref idref="lg-a"/>
            </allocated_space>
            <available_space>
               <start_address>0x2000032d</start_address>
               <size>0x7cd3</size>
            </available_space>
         </usage_details>
      </memory_area>
   </placement_map>
   <cptbl_list>
      <cptbl>
         <name>__TI_cinit_table</name>
         <cprec>
            <name>.bss</name>
            <load_address>0x26f0</load_address>
            <load_size>0x8</load_size>
            <run_address>0x20000200</run_address>
            <run_size>0x125</run_size>
            <compression>zero_init</compression>
         </cprec>
         <cprec>
            <name>.data</name>
            <load_address>0x26f8</load_address>
            <load_size>0x7</load_size>
            <run_address>0x20000328</run_address>
            <run_size>0x5</run_size>
            <compression>lzss</compression>
         </cprec>
      </cptbl>
   </cptbl_list>
   <handler_table>
      <handler_table_name>__TI_handler_table</handler_table_name>
      <handler>
         <index>0x0</index>
         <name>__TI_decompress_lzss</name>
      </handler>
      <handler>
         <index>0x1</index>
         <name>__TI_decompress_none</name>
      </handler>
      <handler>
         <index>0x2</index>
         <name>__TI_zero_init</name>
      </handler>
   </handler_table>
   <symbol_table>
      <symbol id="sm-1">
         <name>__STACK_TOP</name>
         <value>0x20000200</value>
      </symbol>
      <symbol id="sm-2">
         <name>__TI_CINIT_Base</name>
         <value>0x2700</value>
      </symbol>
      <symbol id="sm-3">
         <name>__TI_CINIT_Limit</name>
         <value>0x2710</value>
      </symbol>
      <symbol id="sm-4">
         <name>__TI_Handler_Table_Base</name>
         <value>0x26e0</value>
      </symbol>
      <symbol id="sm-5">
         <name>__TI_Handler_Table_Limit</name>
         <value>0x26ec</value>
      </symbol>
      <symbol id="sm-6">
         <name>binit</name>
         <value>0xffffffff</value>
      </symbol>
      <symbol id="sm-7">
         <name>__binit__</name>
         <value>0xffffffff</value>
      </symbol>
      <symbol id="sm-8">
         <name>__STACK_SIZE</name>
         <value>0x200</value>
      </symbol>
      <symbol id="sm-9">
         <name>__STACK_END</name>
         <value>0x20000200</value>
      </symbol>
      <symbol id="sm-a">
         <name>__c_args__</name>
         <value>0xffffffff</value>
      </symbol>
      <symbol id="sm-b">
         <name>__TI_pprof_out_hndl</name>
         <value>0xffffffff</value>
      </symbol>
      <symbol id="sm-c">
         <name>__TI_prof_data_start</name>
         <value>0xffffffff</value>
      </symbol>
      <symbol id="sm-d">
         <name>__TI_prof_data_size</name>
         <value>0xffffffff</value>
      </symbol>
      <symbol id="sm-87">
         <name>g_bMPU6050Done</name>
         <value>0x20000324</value>
      </symbol>
      <symbol id="sm-88">
         <name>g_sI2CMSimpleInst</name>
         <value>0x20000200</value>
      </symbol>
      <symbol id="sm-89">
         <name>MPU6050Example</name>
         <value>0x579</value>
         <object_component_ref idref="oc-2a"/>
      </symbol>
      <symbol id="sm-8a">
         <name>MPU6050Callback</name>
         <value>0x4fd</value>
         <object_component_ref idref="oc-2a"/>
      </symbol>
      <symbol id="sm-8b">
         <name>main</name>
         <value>0x26d</value>
         <object_component_ref idref="oc-2a"/>
      </symbol>
      <symbol id="sm-8c">
         <name>InitI2C0</name>
         <value>0x4a1</value>
         <object_component_ref idref="oc-2a"/>
      </symbol>
      <symbol id="sm-8d">
         <name>I2CMSimpleIntHandler</name>
         <value>0x50f</value>
         <object_component_ref idref="oc-2a"/>
      </symbol>
      <symbol id="sm-8e">
         <name>ComplementaryFilter</name>
         <value>0x2b9</value>
         <object_component_ref idref="oc-2a"/>
      </symbol>
      <symbol id="sm-af">
         <name>ResetISR</name>
         <value>0x249d</value>
         <object_component_ref idref="oc-24"/>
      </symbol>
      <symbol id="sm-b0">
         <name>g_pfnVectors</name>
         <value>0x0</value>
         <object_component_ref idref="oc-f"/>
      </symbol>
      <symbol id="sm-121">
         <name>UARTgetc</name>
         <value>0x9d9</value>
         <object_component_ref idref="oc-8f"/>
      </symbol>
      <symbol id="sm-122">
         <name>UARTgets</name>
         <value>0x913</value>
         <object_component_ref idref="oc-8f"/>
      </symbol>
      <symbol id="sm-123">
         <name>UARTStdioConfig</name>
         <value>0x861</value>
         <object_component_ref idref="oc-8f"/>
      </symbol>
      <symbol id="sm-124">
         <name>UARTwrite</name>
         <value>0x8c1</value>
         <object_component_ref idref="oc-8f"/>
      </symbol>
      <symbol id="sm-125">
         <name>UARTprintf</name>
         <value>0xd07</value>
         <object_component_ref idref="oc-8f"/>
      </symbol>
      <symbol id="sm-126">
         <name>UARTvprintf</name>
         <value>0xa0d</value>
         <object_component_ref idref="oc-8f"/>
      </symbol>
      <symbol id="sm-162">
         <name>atan2f</name>
         <value>0xef5</value>
         <object_component_ref idref="oc-ae"/>
      </symbol>
      <symbol id="sm-18f">
         <name>atanf</name>
         <value>0x104d</value>
         <object_component_ref idref="oc-183"/>
      </symbol>
      <symbol id="sm-19e">
         <name>__aeabi_uidivmod</name>
         <value>0x2257</value>
         <object_component_ref idref="oc-16f"/>
      </symbol>
      <symbol id="sm-19f">
         <name>__aeabi_uidiv</name>
         <value>0x2257</value>
         <object_component_ref idref="oc-16f"/>
      </symbol>
      <symbol id="sm-1b6">
         <name>__aeabi_dsub</name>
         <value>0xd3d</value>
         <object_component_ref idref="oc-a4"/>
      </symbol>
      <symbol id="sm-1b7">
         <name>__aeabi_dadd</name>
         <value>0xd47</value>
         <object_component_ref idref="oc-a4"/>
      </symbol>
      <symbol id="sm-1cb">
         <name>__aeabi_ddiv</name>
         <value>0x119d</value>
         <object_component_ref idref="oc-9a"/>
      </symbol>
      <symbol id="sm-1d6">
         <name>__aeabi_dmul</name>
         <value>0x1515</value>
         <object_component_ref idref="oc-9f"/>
      </symbol>
      <symbol id="sm-1e2">
         <name>__aeabi_d2f</name>
         <value>0x1bfd</value>
         <object_component_ref idref="oc-a9"/>
      </symbol>
      <symbol id="sm-1ed">
         <name>__aeabi_f2d</name>
         <value>0x230d</value>
         <object_component_ref idref="oc-95"/>
      </symbol>
      <symbol id="sm-206">
         <name>__TI_zero_init_nomemset</name>
         <value>0x2471</value>
         <object_component_ref idref="oc-4a"/>
      </symbol>
      <symbol id="sm-21d">
         <name>__TI_decompress_none</name>
         <value>0x2483</value>
         <object_component_ref idref="oc-18"/>
      </symbol>
      <symbol id="sm-240">
         <name>__TI_decompress_lzss</name>
         <value>0x1d3d</value>
         <object_component_ref idref="oc-12"/>
      </symbol>
      <symbol id="sm-253">
         <name>__stack</name>
         <value>0x20000000</value>
         <object_component_ref idref="oc-21"/>
      </symbol>
      <symbol id="sm-254">
         <name>_c_int00_noargs</name>
         <value>0x22d5</value>
         <object_component_ref idref="oc-5c"/>
      </symbol>
      <symbol id="sm-25f">
         <name>C$$EXIT</name>
         <value>0x24e7</value>
         <object_component_ref idref="oc-233"/>
      </symbol>
      <symbol id="sm-260">
         <name>abort</name>
         <value>0x24e7</value>
         <object_component_ref idref="oc-233"/>
      </symbol>
      <symbol id="sm-26c">
         <name>__aeabi_idiv0</name>
         <value>0xef3</value>
         <object_component_ref idref="oc-286"/>
      </symbol>
      <symbol id="sm-26d">
         <name>__aeabi_ldiv0</name>
         <value>0xef3</value>
         <object_component_ref idref="oc-286"/>
      </symbol>
      <symbol id="sm-289">
         <name>memcpy</name>
         <value>0x18e9</value>
         <object_component_ref idref="oc-3e"/>
      </symbol>
      <symbol id="sm-28a">
         <name>__aeabi_memcpy</name>
         <value>0x18e9</value>
         <object_component_ref idref="oc-3e"/>
      </symbol>
      <symbol id="sm-28b">
         <name>__aeabi_memcpy8</name>
         <value>0x18e9</value>
         <object_component_ref idref="oc-3e"/>
      </symbol>
      <symbol id="sm-28c">
         <name>__aeabi_memcpy4</name>
         <value>0x18e9</value>
         <object_component_ref idref="oc-3e"/>
      </symbol>
      <symbol id="sm-2b4">
         <name>__TI_auto_init_nobinit_nopinit</name>
         <value>0x21d1</value>
         <object_component_ref idref="oc-23f"/>
      </symbol>
      <symbol id="sm-2be">
         <name>_system_pre_init</name>
         <value>0x24e3</value>
         <object_component_ref idref="oc-138"/>
      </symbol>
      <symbol id="sm-39a">
         <name>I2CMCommand</name>
         <value>0x1a1d</value>
         <object_component_ref idref="oc-1fc"/>
      </symbol>
      <symbol id="sm-39b">
         <name>I2CMInit</name>
         <value>0x2345</value>
         <object_component_ref idref="oc-d2"/>
      </symbol>
      <symbol id="sm-39c">
         <name>I2CMReadModifyWrite8</name>
         <value>0x1aa5</value>
         <object_component_ref idref="oc-20a"/>
      </symbol>
      <symbol id="sm-39d">
         <name>I2CMIntHandler</name>
         <value>0x1705</value>
         <object_component_ref idref="oc-d8"/>
      </symbol>
      <symbol id="sm-400">
         <name>MPU6050DataGyroGetFloat</name>
         <value>0x1b8d</value>
         <object_component_ref idref="oc-f6"/>
      </symbol>
      <symbol id="sm-401">
         <name>MPU6050DataAccelGetFloat</name>
         <value>0x1b1d</value>
         <object_component_ref idref="oc-f0"/>
      </symbol>
      <symbol id="sm-402">
         <name>MPU6050DataRead</name>
         <value>0x1f25</value>
         <object_component_ref idref="oc-ea"/>
      </symbol>
      <symbol id="sm-403">
         <name>MPU6050Init</name>
         <value>0x1ec9</value>
         <object_component_ref idref="oc-de"/>
      </symbol>
      <symbol id="sm-404">
         <name>MPU6050ReadModifyWrite</name>
         <value>0x2065</value>
         <object_component_ref idref="oc-e4"/>
      </symbol>
      <symbol id="sm-446">
         <name>GPIOPinConfigure</name>
         <value>0x20fd</value>
         <object_component_ref idref="oc-7d"/>
      </symbol>
      <symbol id="sm-447">
         <name>GPIOPinTypeI2CSCL</name>
         <value>0x244d</value>
         <object_component_ref idref="oc-ba"/>
      </symbol>
      <symbol id="sm-448">
         <name>GPIOPinTypeI2C</name>
         <value>0x243b</value>
         <object_component_ref idref="oc-c0"/>
      </symbol>
      <symbol id="sm-449">
         <name>GPIOPinTypeUART</name>
         <value>0x245f</value>
         <object_component_ref idref="oc-83"/>
      </symbol>
      <symbol id="sm-44a">
         <name>GPIODirModeSet</name>
         <value>0x23ad</value>
         <object_component_ref idref="oc-157"/>
      </symbol>
      <symbol id="sm-44b">
         <name>GPIOPadConfigSet</name>
         <value>0x12d3</value>
         <object_component_ref idref="oc-15d"/>
      </symbol>
      <symbol id="sm-494">
         <name>I2CMasterDataPut</name>
         <value>0x24df</value>
         <object_component_ref idref="oc-2c3"/>
      </symbol>
      <symbol id="sm-495">
         <name>I2CMasterInitExpClk</name>
         <value>0x2019</value>
         <object_component_ref idref="oc-cc"/>
      </symbol>
      <symbol id="sm-496">
         <name>I2CMasterSlaveAddrSet</name>
         <value>0x24c3</value>
         <object_component_ref idref="oc-2bb"/>
      </symbol>
      <symbol id="sm-497">
         <name>I2CMasterDataGet</name>
         <value>0x24db</value>
         <object_component_ref idref="oc-2b1"/>
      </symbol>
      <symbol id="sm-498">
         <name>I2CMasterIntEnableEx</name>
         <value>0x24bb</value>
         <object_component_ref idref="oc-1a5"/>
      </symbol>
      <symbol id="sm-499">
         <name>I2CMasterControl</name>
         <value>0x24d7</value>
         <object_component_ref idref="oc-1b3"/>
      </symbol>
      <symbol id="sm-49a">
         <name>I2CMasterEnable</name>
         <value>0x24a9</value>
         <object_component_ref idref="oc-197"/>
      </symbol>
      <symbol id="sm-49b">
         <name>I2CMasterIntClear</name>
         <value>0x24b3</value>
         <object_component_ref idref="oc-1ad"/>
      </symbol>
      <symbol id="sm-4f0">
         <name>IntIsEnabled</name>
         <value>0x1da5</value>
         <object_component_ref idref="oc-2cd"/>
      </symbol>
      <symbol id="sm-4f1">
         <name>IntEnable</name>
         <value>0x1cd5</value>
         <object_component_ref idref="oc-19f"/>
      </symbol>
      <symbol id="sm-4f2">
         <name>IntTrigger</name>
         <value>0x2491</value>
         <object_component_ref idref="oc-2d9"/>
      </symbol>
      <symbol id="sm-4f3">
         <name>IntDisable</name>
         <value>0x1c6d</value>
         <object_component_ref idref="oc-2d3"/>
      </symbol>
      <symbol id="sm-551">
         <name>SysCtlClockSet</name>
         <value>0x1611</value>
         <object_component_ref idref="oc-71"/>
      </symbol>
      <symbol id="sm-552">
         <name>SysCtlDelay</name>
         <value>0x24cb</value>
         <object_component_ref idref="oc-fc"/>
      </symbol>
      <symbol id="sm-553">
         <name>SysCtlPeripheralEnable</name>
         <value>0x2379</value>
         <object_component_ref idref="oc-77"/>
      </symbol>
      <symbol id="sm-554">
         <name>SysCtlClockGet</name>
         <value>0x1405</value>
         <object_component_ref idref="oc-c6"/>
      </symbol>
      <symbol id="sm-555">
         <name>SysCtlPeripheralReset</name>
         <value>0x1fc9</value>
         <object_component_ref idref="oc-b4"/>
      </symbol>
      <symbol id="sm-562">
         <name>UARTClockSourceSet</name>
         <value>0x24d1</value>
         <object_component_ref idref="oc-89"/>
      </symbol>
      <symbol id="sm-564">
         <name>__TI_static_base__</name>
         <value>0x0</value>
      </symbol>
      <symbol id="sm-567">
         <name>__mpu_init</name>
         <value>0x0</value>
      </symbol>
      <symbol id="sm-568">
         <name>_system_post_cinit</name>
         <value>0x0</value>
      </symbol>
   </symbol_table>
   <title>Link successful</title>
</link_info>
