******************************************************************************
                  TI ARM Linker PC v18.1.2                     
******************************************************************************
>> Linked Sat Oct 26 22:53:04 2019

OUTPUT FILE NAME:   <TIVAC Midterm.out>
ENTRY POINT SYMBOL: "_c_int00_noargs"  address: 000022d5


MEMORY CONFIGURATION

         name            origin    length      used     unused   attr    fill
----------------------  --------  ---------  --------  --------  ----  --------
  FLASH                 00000000   00040000  0000270a  0003d8f6  R  X
  SRAM                  20000000   00008000  0000032a  00007cd6  RW X


SEGMENT ALLOCATION MAP

run origin  load origin   length   init length attrs members
----------  ----------- ---------- ----------- ----- -------
00000000    00000000    00002710   00002710    r-x
  00000000    00000000    0000026c   0000026c    r-- .intvecs
  0000026c    0000026c    0000227e   0000227e    r-x .text
  000024ec    000024ec    000001f0   000001f0    r-- .const
  000026e0    000026e0    00000030   00000030    r-- .cinit
20000000    20000000    0000032d   00000000    rw-
  20000000    20000000    00000200   00000000    rw- .stack
  20000200    20000200    00000125   00000000    rw- .bss
  20000328    20000328    00000005   00000000    rw- .data


SECTION ALLOCATION MAP

 output                                  attributes/
section   page    origin      length       input sections
--------  ----  ----------  ----------   ----------------
.intvecs   0    00000000    0000026c     
                  00000000    0000026c     tm4c123gh6pm_startup_ccs.obj (.intvecs)

.text      0    0000026c    0000227e     
                  0000026c    000005f4     main.obj (.text)
                  00000860    000004dc     uartstdio.obj (.text)
                  00000d3c    000001b6     rtsv7M4_T_le_v4SPD16_eabi.lib : fd_add_t2.asm.obj (.text)
                  00000ef2    00000002                                   : div0.asm.obj (.text)
                  00000ef4    00000158                                   : e_atan2f.c.obj (.text:atan2f)
                  0000104c    00000150                                   : s_atanf.c.obj (.text:atanf)
                  0000119c    00000136                                   : fd_div_t2.asm.obj (.text)
                  000012d2    00000132     driverlib.lib : gpio.obj (.text:GPIOPadConfigSet)
                  00001404    00000110                   : sysctl.obj (.text:SysCtlClockGet)
                  00001514    000000fc     rtsv7M4_T_le_v4SPD16_eabi.lib : fd_mul_t2.asm.obj (.text)
                  00001610    000000f4     driverlib.lib : sysctl.obj (.text:SysCtlClockSet)
                  00001704    000000f2     sensorlib.lib : i2cm_drv.obj (.text:I2CMIntHandler)
                  000017f6    00000002     --HOLE-- [fill = 0]
                  000017f8    000000f0                   : mpu6050.obj (.text:MPU6050Callback)
                  000018e8    0000009c     rtsv7M4_T_le_v4SPD16_eabi.lib : memcpy_t2.asm.obj (.text)
                  00001984    00000098     sensorlib.lib : i2cm_drv.obj (.text:I2CMStateIdle)
                  00001a1c    00000088                   : i2cm_drv.obj (.text:I2CMCommand)
                  00001aa4    00000078                   : i2cm_drv.obj (.text:I2CMReadModifyWrite8)
                  00001b1c    00000070                   : mpu6050.obj (.text:MPU6050DataAccelGetFloat)
                  00001b8c    00000070                   : mpu6050.obj (.text:MPU6050DataGyroGetFloat)
                  00001bfc    0000006e     rtsv7M4_T_le_v4SPD16_eabi.lib : fd_tos_t2.asm.obj (.text)
                  00001c6a    00000002     --HOLE-- [fill = 0]
                  00001c6c    00000068     driverlib.lib : interrupt.obj (.text:IntDisable)
                  00001cd4    00000068                   : interrupt.obj (.text:IntEnable)
                  00001d3c    00000068     rtsv7M4_T_le_v4SPD16_eabi.lib : copy_decompress_lzss.c.obj (.text:decompress:lzss:__TI_decompress_lzss)
                  00001da4    00000064     driverlib.lib : interrupt.obj (.text:IntIsEnabled)
                  00001e08    00000060     sensorlib.lib : i2cm_drv.obj (.text:I2CMReadModifyWrite8Callback)
                  00001e68    0000005e                   : i2cm_drv.obj (.text:I2CMStateWritePause)
                  00001ec6    00000002     --HOLE-- [fill = 0]
                  00001ec8    0000005c                   : mpu6050.obj (.text:MPU6050Init)
                  00001f24    00000054                   : mpu6050.obj (.text:MPU6050DataRead)
                  00001f78    00000050                   : i2cm_drv.obj (.text:I2CMStateWriteFinal)
                  00001fc8    00000050     driverlib.lib : sysctl.obj (.text:SysCtlPeripheralReset)
                  00002018    0000004c                   : i2c.obj (.text:I2CMasterInitExpClk)
                  00002064    0000004c     sensorlib.lib : mpu6050.obj (.text:MPU6050ReadModifyWrite)
                  000020b0    0000004a                   : i2cm_drv.obj (.text:I2CMStateReadNext)
                  000020fa    00000002     --HOLE-- [fill = 0]
                  000020fc    00000048     driverlib.lib : gpio.obj (.text:GPIOPinConfigure)
                  00002144    00000048     sensorlib.lib : i2cm_drv.obj (.text:I2CMStateWriteNext)
                  0000218c    00000044                   : i2cm_drv.obj (.text:I2CMStateCallback)
                  000021d0    00000044     rtsv7M4_T_le_v4SPD16_eabi.lib : autoinit.c.obj (.text:__TI_auto_init_nobinit_nopinit:__TI_auto_init_nobinit_nopinit)
                  00002214    00000042     sensorlib.lib : i2cm_drv.obj (.text:I2CMStateReadFinal)
                  00002256    00000040     rtsv7M4_T_le_v4SPD16_eabi.lib : u_divt2.asm.obj (.text)
                  00002296    0000003e     sensorlib.lib : i2cm_drv.obj (.text:I2CMStateReadPause)
                  000022d4    00000038     rtsv7M4_T_le_v4SPD16_eabi.lib : boot_cortex_m.c.obj (.text:_c_int00_noargs:_c_int00_noargs)
                  0000230c    00000038                                   : fs_tod_t2.asm.obj (.text)
                  00002344    00000034     sensorlib.lib : i2cm_drv.obj (.text:I2CMInit)
                  00002378    00000034     driverlib.lib : sysctl.obj (.text:SysCtlPeripheralEnable)
                  000023ac    0000002a                   : gpio.obj (.text:GPIODirModeSet)
                  000023d6    0000002a     sensorlib.lib : i2cm_drv.obj (.text:I2CMStateReadFirst)
                  00002400    00000020                   : i2cm_drv.obj (.text:I2CMStateReadOne)
                  00002420    0000001a                   : i2cm_drv.obj (.text:I2CMStateReadWait)
                  0000243a    00000012     driverlib.lib : gpio.obj (.text:GPIOPinTypeI2C)
                  0000244c    00000012                   : gpio.obj (.text:GPIOPinTypeI2CSCL)
                  0000245e    00000012                   : gpio.obj (.text:GPIOPinTypeUART)
                  00002470    00000012     rtsv7M4_T_le_v4SPD16_eabi.lib : copy_zero_init.c.obj (.text:decompress:ZI:__TI_zero_init_nomemset:__TI_zero_init_nomemset)
                  00002482    0000000e                                   : copy_decompress_none.c.obj (.text:decompress:none:__TI_decompress_none)
                  00002490    0000000c     driverlib.lib : interrupt.obj (.text:IntTrigger)
                  0000249c    0000000c     tm4c123gh6pm_startup_ccs.obj (.text)
                  000024a8    0000000a     driverlib.lib : i2c.obj (.text:I2CMasterEnable)
                  000024b2    00000008                   : i2c.obj (.text:I2CMasterIntClear)
                  000024ba    00000008                   : i2c.obj (.text:I2CMasterIntEnableEx)
                  000024c2    00000008                   : i2c.obj (.text:I2CMasterSlaveAddrSet)
                  000024ca    00000006                   : sysctl.obj (.text:SysCtlDelay)
                  000024d0    00000006                   : uart.obj (.text:UARTClockSourceSet)
                  000024d6    00000004                   : i2c.obj (.text:I2CMasterControl)
                  000024da    00000004                   : i2c.obj (.text:I2CMasterDataGet)
                  000024de    00000004                   : i2c.obj (.text:I2CMasterDataPut)
                  000024e2    00000004     rtsv7M4_T_le_v4SPD16_eabi.lib : pre_init.c.obj (.text:_system_pre_init)
                  000024e6    00000004                                   : exit.c.obj (.text:abort:abort)

.const     0    000024ec    000001f0     
                  000024ec    00000090     driverlib.lib : gpio.obj (.const:g_pui32GPIOBaseAddrs)
                  0000257c    00000070                   : interrupt.obj (.const)
                  000025ec    0000006c                   : sysctl.obj (.const:g_pui32Xtals)
                  00002658    00000034     rtsv7M4_T_le_v4SPD16_eabi.lib : s_atanf.c.obj (.const:$O1$$)
                  0000268c    00000020     sensorlib.lib : mpu6050.obj (.const)
                  000026ac    00000012     uartstdio.obj (.const:.string)
                  000026be    00000002     --HOLE-- [fill = 0]
                  000026c0    0000000c     uartstdio.obj (.const:g_ui32UARTBase)
                  000026cc    0000000c     uartstdio.obj (.const:g_ui32UARTPeriph)
                  000026d8    00000004     uartstdio.obj (.const)

.cinit     0    000026e0    00000030     
                  000026e0    0000000c     (__TI_handler_table)
                  000026ec    00000004     --HOLE-- [fill = 0]
                  000026f0    00000008     (.cinit..bss.load) [load image, compression = zero_init]
                  000026f8    00000007     (.cinit..data.load) [load image, compression = lzss]
                  000026ff    00000001     --HOLE-- [fill = 0]
                  00002700    00000010     (__TI_cinit_table)

.init_array 
*          0    00000000    00000000     UNINITIALIZED

.bss       0    20000200    00000125     UNINITIALIZED
                  20000200    00000124     (.common:g_sI2CMSimpleInst)
                  20000324    00000001     (.common:g_bMPU6050Done)

.data      0    20000328    00000005     UNINITIALIZED
                  20000328    00000005     uartstdio.obj (.data)

.stack     0    20000000    00000200     UNINITIALIZED
                  20000000    00000004     rtsv7M4_T_le_v4SPD16_eabi.lib : boot_cortex_m.c.obj (.stack)
                  20000004    000001fc     --HOLE--

MODULE SUMMARY

       Module                         code   ro data   rw data
       ------                         ----   -------   -------
    .\
       main.obj                       1524   0         293    
       uartstdio.obj                  1244   46        5      
       tm4c123gh6pm_startup_ccs.obj   12     620       0      
    +--+------------------------------+------+---------+---------+
       Total:                         2780   666       298    
                                                              
    C:/ti/tivaware_c_series_2_1_4_178/driverlib/ccs/Debug/driverlib.lib
       sysctl.obj                     654    108       0      
       gpio.obj                       474    144       0      
       interrupt.obj                  320    112       0      
       i2c.obj                        122    0         0      
       uart.obj                       6      0         0      
    +--+------------------------------+------+---------+---------+
       Total:                         1576   364       0      
                                                              
    C:/ti/tivaware_c_series_2_1_4_178/sensorlib/ccs/Debug/sensorlib.lib
       i2cm_drv.obj                   1414   0         0      
       mpu6050.obj                    716    32        0      
    +--+------------------------------+------+---------+---------+
       Total:                         2130   32        0      
                                                              
    C:\ti\ccsv8\tools\compiler\ti-cgt-arm_18.1.2.LTS\lib\rtsv7M4_T_le_v4SPD16_eabi.lib
       fd_add_t2.asm.obj              438    0         0      
       s_atanf.c.obj                  336    52        0      
       e_atan2f.c.obj                 344    0         0      
       fd_div_t2.asm.obj              310    0         0      
       fd_mul_t2.asm.obj              252    0         0      
       memcpy_t2.asm.obj              156    0         0      
       fd_tos_t2.asm.obj              110    0         0      
       copy_decompress_lzss.c.obj     104    0         0      
       autoinit.c.obj                 68     0         0      
       u_divt2.asm.obj                64     0         0      
       boot_cortex_m.c.obj            56     0         0      
       fs_tod_t2.asm.obj              56     0         0      
       copy_zero_init.c.obj           18     0         0      
       copy_decompress_none.c.obj     14     0         0      
       exit.c.obj                     4      0         0      
       pre_init.c.obj                 4      0         0      
       div0.asm.obj                   2      0         0      
    +--+------------------------------+------+---------+---------+
       Total:                         2336   52        0      
                                                              
       Stack:                         0      0         512    
       Linker Generated:              0      43        0      
    +--+------------------------------+------+---------+---------+
       Grand Total:                   8822   1157      810    


LINKER GENERATED COPY TABLES

__TI_cinit_table @ 00002700 records: 2, size/record: 8, table size: 16
	.bss: load addr=000026f0, load size=00000008 bytes, run addr=20000200, run size=00000125 bytes, compression=zero_init
	.data: load addr=000026f8, load size=00000007 bytes, run addr=20000328, run size=00000005 bytes, compression=lzss


LINKER GENERATED HANDLER TABLE

__TI_handler_table @ 000026e0 records: 3, size/record: 4, table size: 12
	index: 0, handler: __TI_decompress_lzss
	index: 1, handler: __TI_decompress_none
	index: 2, handler: __TI_zero_init


GLOBAL SYMBOLS: SORTED ALPHABETICALLY BY Name 

address   name                          
-------   ----                          
000024e7  C$$EXIT                       
000002b9  ComplementaryFilter           
000023ad  GPIODirModeSet                
000012d3  GPIOPadConfigSet              
000020fd  GPIOPinConfigure              
0000243b  GPIOPinTypeI2C                
0000244d  GPIOPinTypeI2CSCL             
0000245f  GPIOPinTypeUART               
00001a1d  I2CMCommand                   
00002345  I2CMInit                      
00001705  I2CMIntHandler                
00001aa5  I2CMReadModifyWrite8          
0000050f  I2CMSimpleIntHandler          
000024d7  I2CMasterControl              
000024db  I2CMasterDataGet              
000024df  I2CMasterDataPut              
000024a9  I2CMasterEnable               
00002019  I2CMasterInitExpClk           
000024b3  I2CMasterIntClear             
000024bb  I2CMasterIntEnableEx          
000024c3  I2CMasterSlaveAddrSet         
000004a1  InitI2C0                      
00001c6d  IntDisable                    
00001cd5  IntEnable                     
00001da5  IntIsEnabled                  
00002491  IntTrigger                    
000004fd  MPU6050Callback               
00001b1d  MPU6050DataAccelGetFloat      
00001b8d  MPU6050DataGyroGetFloat       
00001f25  MPU6050DataRead               
00000579  MPU6050Example                
00001ec9  MPU6050Init                   
00002065  MPU6050ReadModifyWrite        
0000249d  ResetISR                      
00001405  SysCtlClockGet                
00001611  SysCtlClockSet                
000024cb  SysCtlDelay                   
00002379  SysCtlPeripheralEnable        
00001fc9  SysCtlPeripheralReset         
000024d1  UARTClockSourceSet            
00000861  UARTStdioConfig               
000009d9  UARTgetc                      
00000913  UARTgets                      
00000d07  UARTprintf                    
00000a0d  UARTvprintf                   
000008c1  UARTwrite                     
20000200  __STACK_END                   
00000200  __STACK_SIZE                  
20000200  __STACK_TOP                   
00002700  __TI_CINIT_Base               
00002710  __TI_CINIT_Limit              
000026e0  __TI_Handler_Table_Base       
000026ec  __TI_Handler_Table_Limit      
000021d1  __TI_auto_init_nobinit_nopinit
00001d3d  __TI_decompress_lzss          
00002483  __TI_decompress_none          
ffffffff  __TI_pprof_out_hndl           
ffffffff  __TI_prof_data_size           
ffffffff  __TI_prof_data_start          
00000000  __TI_static_base__            
00002471  __TI_zero_init_nomemset       
00001bfd  __aeabi_d2f                   
00000d47  __aeabi_dadd                  
0000119d  __aeabi_ddiv                  
00001515  __aeabi_dmul                  
00000d3d  __aeabi_dsub                  
0000230d  __aeabi_f2d                   
00000ef3  __aeabi_idiv0                 
00000ef3  __aeabi_ldiv0                 
000018e9  __aeabi_memcpy                
000018e9  __aeabi_memcpy4               
000018e9  __aeabi_memcpy8               
00002257  __aeabi_uidiv                 
00002257  __aeabi_uidivmod              
ffffffff  __binit__                     
ffffffff  __c_args__                    
UNDEFED   __mpu_init                    
20000000  __stack                       
000022d5  _c_int00_noargs               
UNDEFED   _system_post_cinit            
000024e3  _system_pre_init              
000024e7  abort                         
00000ef5  atan2f                        
0000104d  atanf                         
ffffffff  binit                         
20000324  g_bMPU6050Done                
00000000  g_pfnVectors                  
20000200  g_sI2CMSimpleInst             
0000026d  main                          
000018e9  memcpy                        


GLOBAL SYMBOLS: SORTED BY Symbol Address 

address   name                          
-------   ----                          
00000000  __TI_static_base__            
00000000  g_pfnVectors                  
00000200  __STACK_SIZE                  
0000026d  main                          
000002b9  ComplementaryFilter           
000004a1  InitI2C0                      
000004fd  MPU6050Callback               
0000050f  I2CMSimpleIntHandler          
00000579  MPU6050Example                
00000861  UARTStdioConfig               
000008c1  UARTwrite                     
00000913  UARTgets                      
000009d9  UARTgetc                      
00000a0d  UARTvprintf                   
00000d07  UARTprintf                    
00000d3d  __aeabi_dsub                  
00000d47  __aeabi_dadd                  
00000ef3  __aeabi_idiv0                 
00000ef3  __aeabi_ldiv0                 
00000ef5  atan2f                        
0000104d  atanf                         
0000119d  __aeabi_ddiv                  
000012d3  GPIOPadConfigSet              
00001405  SysCtlClockGet                
00001515  __aeabi_dmul                  
00001611  SysCtlClockSet                
00001705  I2CMIntHandler                
000018e9  __aeabi_memcpy                
000018e9  __aeabi_memcpy4               
000018e9  __aeabi_memcpy8               
000018e9  memcpy                        
00001a1d  I2CMCommand                   
00001aa5  I2CMReadModifyWrite8          
00001b1d  MPU6050DataAccelGetFloat      
00001b8d  MPU6050DataGyroGetFloat       
00001bfd  __aeabi_d2f                   
00001c6d  IntDisable                    
00001cd5  IntEnable                     
00001d3d  __TI_decompress_lzss          
00001da5  IntIsEnabled                  
00001ec9  MPU6050Init                   
00001f25  MPU6050DataRead               
00001fc9  SysCtlPeripheralReset         
00002019  I2CMasterInitExpClk           
00002065  MPU6050ReadModifyWrite        
000020fd  GPIOPinConfigure              
000021d1  __TI_auto_init_nobinit_nopinit
00002257  __aeabi_uidiv                 
00002257  __aeabi_uidivmod              
000022d5  _c_int00_noargs               
0000230d  __aeabi_f2d                   
00002345  I2CMInit                      
00002379  SysCtlPeripheralEnable        
000023ad  GPIODirModeSet                
0000243b  GPIOPinTypeI2C                
0000244d  GPIOPinTypeI2CSCL             
0000245f  GPIOPinTypeUART               
00002471  __TI_zero_init_nomemset       
00002483  __TI_decompress_none          
00002491  IntTrigger                    
0000249d  ResetISR                      
000024a9  I2CMasterEnable               
000024b3  I2CMasterIntClear             
000024bb  I2CMasterIntEnableEx          
000024c3  I2CMasterSlaveAddrSet         
000024cb  SysCtlDelay                   
000024d1  UARTClockSourceSet            
000024d7  I2CMasterControl              
000024db  I2CMasterDataGet              
000024df  I2CMasterDataPut              
000024e3  _system_pre_init              
000024e7  C$$EXIT                       
000024e7  abort                         
000026e0  __TI_Handler_Table_Base       
000026ec  __TI_Handler_Table_Limit      
00002700  __TI_CINIT_Base               
00002710  __TI_CINIT_Limit              
20000000  __stack                       
20000200  __STACK_END                   
20000200  __STACK_TOP                   
20000200  g_sI2CMSimpleInst             
20000324  g_bMPU6050Done                
ffffffff  __TI_pprof_out_hndl           
ffffffff  __TI_prof_data_size           
ffffffff  __TI_prof_data_start          
ffffffff  __binit__                     
ffffffff  __c_args__                    
ffffffff  binit                         
UNDEFED   __mpu_init                    
UNDEFED   _system_post_cinit            

[90 symbols]
