******************************************************************************
                  TI ARM Linker PC v18.1.2                     
******************************************************************************
>> Linked Thu Dec  5 22:48:04 2019

OUTPUT FILE NAME:   <lab8.out>
ENTRY POINT SYMBOL: "_c_int00_noargs"  address: 00000fdd


MEMORY CONFIGURATION

         name            origin    length      used     unused   attr    fill
----------------------  --------  ---------  --------  --------  ----  --------
  FLASH                 00000000   00040000  000012be  0003ed42  R  X
  SRAM                  20000000   00008000  00000205  00007dfb  RW X


SEGMENT ALLOCATION MAP

run origin  load origin   length   init length attrs members
----------  ----------- ---------- ----------- ----- -------
00000000    00000000    000012c0   000012c0    r-x
  00000000    00000000    0000026c   0000026c    r-- .intvecs
  0000026c    0000026c    00000f0e   00000f0e    r-x .text
  0000117c    0000117c    0000012c   0000012c    r-- .const
  000012a8    000012a8    00000018   00000018    r-- .cinit
20000000    20000000    00000205   00000000    rw-
  20000000    20000000    00000200   00000000    rw- .stack
  20000200    20000200    00000005   00000000    rw- .data


SECTION ALLOCATION MAP

 output                                  attributes/
section   page    origin      length       input sections
--------  ----  ----------  ----------   ----------------
.intvecs   0    00000000    0000026c     
                  00000000    0000026c     tm4c123gh6pm_startup_ccs.obj (.intvecs)

.text      0    0000026c    00000f0e     
                  0000026c    000004dc     uartstdio.obj (.text)
                  00000748    00000284     main.obj (.text)
                  000009cc    00000132     driverlib.lib : gpio.obj (.text:GPIOPadConfigSet)
                  00000afe    00000002     rtsv7M4_T_le_v4SPD16_eabi.lib : div0.asm.obj (.text)
                  00000b00    00000110     driverlib.lib : sysctl.obj (.text:SysCtlClockGet)
                  00000c10    000000f4                   : sysctl.obj (.text:SysCtlClockSet)
                  00000d04    0000009c     rtsv7M4_T_le_v4SPD16_eabi.lib : memcpy_t2.asm.obj (.text)
                  00000da0    0000007a     driverlib.lib : adc.obj (.text:ADCSequenceStepConfigure)
                  00000e1a    00000068     rtsv7M4_T_le_v4SPD16_eabi.lib : copy_decompress_lzss.c.obj (.text:decompress:lzss:__TI_decompress_lzss)
                  00000e82    00000050     driverlib.lib : adc.obj (.text:ADCSequenceConfigure)
                  00000ed2    00000002     --HOLE-- [fill = 0]
                  00000ed4    00000048                   : gpio.obj (.text:GPIOPinConfigure)
                  00000f1c    00000044     rtsv7M4_T_le_v4SPD16_eabi.lib : autoinit.c.obj (.text:__TI_auto_init_nobinit_nopinit:__TI_auto_init_nobinit_nopinit)
                  00000f60    00000040                                   : u_divt2.asm.obj (.text)
                  00000fa0    0000003c     driverlib.lib : ssi.obj (.text:SSIConfigSetExpClk)
                  00000fdc    00000038     rtsv7M4_T_le_v4SPD16_eabi.lib : boot_cortex_m.c.obj (.text:_c_int00_noargs:_c_int00_noargs)
                  00001014    00000034     driverlib.lib : sysctl.obj (.text:SysCtlPeripheralEnable)
                  00001048    0000002e                   : adc.obj (.text:ADCIntStatus)
                  00001076    0000002a                   : gpio.obj (.text:GPIODirModeSet)
                  000010a0    0000001e                   : adc.obj (.text:ADCSequenceDataGet)
                  000010be    00000018                   : adc.obj (.text:ADCProcessorTrigger)
                  000010d6    00000012                   : gpio.obj (.text:GPIOPinTypeSSI)
                  000010e8    00000012                   : gpio.obj (.text:GPIOPinTypeUART)
                  000010fa    00000012                   : ssi.obj (.text:SSIDataGetNonBlocking)
                  0000110c    0000000e                   : adc.obj (.text:ADCSequenceEnable)
                  0000111a    0000000e     rtsv7M4_T_le_v4SPD16_eabi.lib : copy_decompress_none.c.obj (.text:decompress:none:__TI_decompress_none)
                  00001128    0000000c     driverlib.lib : ssi.obj (.text:SSIDataGet)
                  00001134    0000000c     tm4c123gh6pm_startup_ccs.obj (.text)
                  00001140    0000000a     driverlib.lib : adc.obj (.text:ADCIntClear)
                  0000114a    0000000a                   : ssi.obj (.text:SSIDataPut)
                  00001154    0000000a                   : ssi.obj (.text:SSIEnable)
                  0000115e    00000008                   : ssi.obj (.text:SSIBusy)
                  00001166    00000006                   : sysctl.obj (.text:SysCtlDelay)
                  0000116c    00000006                   : uart.obj (.text:UARTClockSourceSet)
                  00001172    00000004     rtsv7M4_T_le_v4SPD16_eabi.lib : pre_init.c.obj (.text:_system_pre_init)
                  00001176    00000004                                   : exit.c.obj (.text:abort:abort)

.const     0    0000117c    0000012c     
                  0000117c    00000090     driverlib.lib : gpio.obj (.const:g_pui32GPIOBaseAddrs)
                  0000120c    0000006c                   : sysctl.obj (.const:g_pui32Xtals)
                  00001278    00000012     uartstdio.obj (.const:.string)
                  0000128a    00000002     --HOLE-- [fill = 0]
                  0000128c    0000000c     uartstdio.obj (.const:g_ui32UARTBase)
                  00001298    0000000c     uartstdio.obj (.const:g_ui32UARTPeriph)
                  000012a4    00000004     uartstdio.obj (.const)

.cinit     0    000012a8    00000018     
                  000012a8    00000008     (__TI_handler_table)
                  000012b0    00000007     (.cinit..data.load) [load image, compression = lzss]
                  000012b7    00000001     --HOLE-- [fill = 0]
                  000012b8    00000008     (__TI_cinit_table)

.init_array 
*          0    00000000    00000000     UNINITIALIZED

.data      0    20000200    00000005     UNINITIALIZED
                  20000200    00000005     uartstdio.obj (.data)

.stack     0    20000000    00000200     UNINITIALIZED
                  20000000    00000004     rtsv7M4_T_le_v4SPD16_eabi.lib : boot_cortex_m.c.obj (.stack)
                  20000004    000001fc     --HOLE--

MODULE SUMMARY

       Module                         code   ro data   rw data
       ------                         ----   -------   -------
    .\
       uartstdio.obj                  1244   46        5      
       main.obj                       644    0         0      
       tm4c123gh6pm_startup_ccs.obj   12     620       0      
    +--+------------------------------+------+---------+---------+
       Total:                         1900   666       5      
                                                              
    C:/ti/tivaware_c_series_2_1_4_178/driverlib/ccs/Debug/driverlib.lib
       sysctl.obj                     574    108       0      
       gpio.obj                       456    144       0      
       adc.obj                        326    0         0      
       ssi.obj                        118    0         0      
       uart.obj                       6      0         0      
    +--+------------------------------+------+---------+---------+
       Total:                         1480   252       0      
                                                              
    C:\ti\ccsv8\tools\compiler\ti-cgt-arm_18.1.2.LTS\lib\rtsv7M4_T_le_v4SPD16_eabi.lib
       memcpy_t2.asm.obj              156    0         0      
       copy_decompress_lzss.c.obj     104    0         0      
       autoinit.c.obj                 68     0         0      
       u_divt2.asm.obj                64     0         0      
       boot_cortex_m.c.obj            56     0         0      
       copy_decompress_none.c.obj     14     0         0      
       exit.c.obj                     4      0         0      
       pre_init.c.obj                 4      0         0      
       div0.asm.obj                   2      0         0      
    +--+------------------------------+------+---------+---------+
       Total:                         472    0         0      
                                                              
       Stack:                         0      0         512    
       Linker Generated:              0      23        0      
    +--+------------------------------+------+---------+---------+
       Grand Total:                   3852   941       517    


LINKER GENERATED COPY TABLES

__TI_cinit_table @ 000012b8 records: 1, size/record: 8, table size: 8
	.data: load addr=000012b0, load size=00000007 bytes, run addr=20000200, run size=00000005 bytes, compression=lzss


LINKER GENERATED HANDLER TABLE

__TI_handler_table @ 000012a8 records: 2, size/record: 4, table size: 8
	index: 0, handler: __TI_decompress_lzss
	index: 1, handler: __TI_decompress_none


GLOBAL SYMBOLS: SORTED ALPHABETICALLY BY Name 

address   name                          
-------   ----                          
00001141  ADCIntClear                   
00001049  ADCIntStatus                  
000010bf  ADCProcessorTrigger           
00000e83  ADCSequenceConfigure          
000010a1  ADCSequenceDataGet            
0000110d  ADCSequenceEnable             
00000da1  ADCSequenceStepConfigure      
00001177  C$$EXIT                       
00001077  GPIODirModeSet                
000009cd  GPIOPadConfigSet              
00000ed5  GPIOPinConfigure              
000010d7  GPIOPinTypeSSI                
000010e9  GPIOPinTypeUART               
00000749  InitConsole                   
00001135  ResetISR                      
0000115f  SSIBusy                       
00000fa1  SSIConfigSetExpClk            
00001129  SSIDataGet                    
000010fb  SSIDataGetNonBlocking         
0000114b  SSIDataPut                    
00001155  SSIEnable                     
00000b01  SysCtlClockGet                
00000c11  SysCtlClockSet                
00001167  SysCtlDelay                   
00001015  SysCtlPeripheralEnable        
0000116d  UARTClockSourceSet            
0000026d  UARTStdioConfig               
000003e5  UARTgetc                      
0000031f  UARTgets                      
00000713  UARTprintf                    
00000419  UARTvprintf                   
000002cd  UARTwrite                     
20000200  __STACK_END                   
00000200  __STACK_SIZE                  
20000200  __STACK_TOP                   
000012b8  __TI_CINIT_Base               
000012c0  __TI_CINIT_Limit              
000012a8  __TI_Handler_Table_Base       
000012b0  __TI_Handler_Table_Limit      
00000f1d  __TI_auto_init_nobinit_nopinit
00000e1b  __TI_decompress_lzss          
0000111b  __TI_decompress_none          
ffffffff  __TI_pprof_out_hndl           
ffffffff  __TI_prof_data_size           
ffffffff  __TI_prof_data_start          
00000000  __TI_static_base__            
00000aff  __aeabi_idiv0                 
00000aff  __aeabi_ldiv0                 
00000d05  __aeabi_memcpy                
00000d05  __aeabi_memcpy4               
00000d05  __aeabi_memcpy8               
00000f61  __aeabi_uidiv                 
00000f61  __aeabi_uidivmod              
ffffffff  __binit__                     
ffffffff  __c_args__                    
UNDEFED   __mpu_init                    
20000000  __stack                       
00000fdd  _c_int00_noargs               
UNDEFED   _system_post_cinit            
00001173  _system_pre_init              
00001177  abort                         
ffffffff  binit                         
00000000  g_pfnVectors                  
00000785  main                          
00000d05  memcpy                        


GLOBAL SYMBOLS: SORTED BY Symbol Address 

address   name                          
-------   ----                          
00000000  __TI_static_base__            
00000000  g_pfnVectors                  
00000200  __STACK_SIZE                  
0000026d  UARTStdioConfig               
000002cd  UARTwrite                     
0000031f  UARTgets                      
000003e5  UARTgetc                      
00000419  UARTvprintf                   
00000713  UARTprintf                    
00000749  InitConsole                   
00000785  main                          
000009cd  GPIOPadConfigSet              
00000aff  __aeabi_idiv0                 
00000aff  __aeabi_ldiv0                 
00000b01  SysCtlClockGet                
00000c11  SysCtlClockSet                
00000d05  __aeabi_memcpy                
00000d05  __aeabi_memcpy4               
00000d05  __aeabi_memcpy8               
00000d05  memcpy                        
00000da1  ADCSequenceStepConfigure      
00000e1b  __TI_decompress_lzss          
00000e83  ADCSequenceConfigure          
00000ed5  GPIOPinConfigure              
00000f1d  __TI_auto_init_nobinit_nopinit
00000f61  __aeabi_uidiv                 
00000f61  __aeabi_uidivmod              
00000fa1  SSIConfigSetExpClk            
00000fdd  _c_int00_noargs               
00001015  SysCtlPeripheralEnable        
00001049  ADCIntStatus                  
00001077  GPIODirModeSet                
000010a1  ADCSequenceDataGet            
000010bf  ADCProcessorTrigger           
000010d7  GPIOPinTypeSSI                
000010e9  GPIOPinTypeUART               
000010fb  SSIDataGetNonBlocking         
0000110d  ADCSequenceEnable             
0000111b  __TI_decompress_none          
00001129  SSIDataGet                    
00001135  ResetISR                      
00001141  ADCIntClear                   
0000114b  SSIDataPut                    
00001155  SSIEnable                     
0000115f  SSIBusy                       
00001167  SysCtlDelay                   
0000116d  UARTClockSourceSet            
00001173  _system_pre_init              
00001177  C$$EXIT                       
00001177  abort                         
000012a8  __TI_Handler_Table_Base       
000012b0  __TI_Handler_Table_Limit      
000012b8  __TI_CINIT_Base               
000012c0  __TI_CINIT_Limit              
20000000  __stack                       
20000200  __STACK_END                   
20000200  __STACK_TOP                   
ffffffff  __TI_pprof_out_hndl           
ffffffff  __TI_prof_data_size           
ffffffff  __TI_prof_data_start          
ffffffff  __binit__                     
ffffffff  __c_args__                    
ffffffff  binit                         
UNDEFED   __mpu_init                    
UNDEFED   _system_post_cinit            

[65 symbols]
