******************************************************************************
                  TI ARM Linker PC v18.1.2                     
******************************************************************************
>> Linked Sun Oct 13 23:16:41 2019

OUTPUT FILE NAME:   <lab5.out>
ENTRY POINT SYMBOL: "_c_int00_noinit_noargs"  address: 00000699


MEMORY CONFIGURATION

         name            origin    length      used     unused   attr    fill
----------------------  --------  ---------  --------  --------  ----  --------
  FLASH                 00000000   00040000  000007b4  0003f84c  R  X
  SRAM                  20000000   00008000  00000068  00007f98  RW X


SEGMENT ALLOCATION MAP

run origin  load origin   length   init length attrs members
----------  ----------- ---------- ----------- ----- -------
00000000    00000000    000007b4   000007b4    r-x
  00000000    00000000    0000026c   0000026c    r-- .intvecs
  0000026c    0000026c    00000548   00000548    r-x .text
20000000    20000000    00000068   00000000    rw-
  20000000    20000000    00000068   00000000    rw- .stack


SECTION ALLOCATION MAP

 output                                  attributes/
section   page    origin      length       input sections
--------  ----  ----------  ----------   ----------------
.intvecs   0    00000000    0000026c     
                  00000000    0000026c     tm4c123gh6pm_startup_ccs.obj (.intvecs)

.text      0    0000026c    00000548     
                  0000026c    00000132     driverlib.lib : gpio.obj (.text:GPIOPadConfigSet)
                  0000039e    00000002     --HOLE-- [fill = 0]
                  000003a0    00000104     main.obj (.text)
                  000004a4    000000f4     driverlib.lib : sysctl.obj (.text:SysCtlClockSet)
                  00000598    0000007a                   : adc.obj (.text:ADCSequenceStepConfigure)
                  00000612    00000050                   : adc.obj (.text:ADCSequenceConfigure)
                  00000662    00000002     --HOLE-- [fill = 0]
                  00000664    00000034                   : sysctl.obj (.text:SysCtlPeripheralEnable)
                  00000698    00000030     rtsv7M4_T_le_v4SPD16_eabi.lib : boot_cortex_m.c.obj (.text:_c_int00_noinit_noargs:_c_int00_noinit_noargs)
                  000006c8    0000002e     driverlib.lib : adc.obj (.text:ADCIntStatus)
                  000006f6    0000002a                   : gpio.obj (.text:GPIODirModeSet)
                  00000720    0000001e                   : adc.obj (.text:ADCSequenceDataGet)
                  0000073e    00000018                   : adc.obj (.text:ADCProcessorTrigger)
                  00000756    00000018                   : gpio.obj (.text:GPIOPinTypeGPIOOutput)
                  0000076e    0000000e                   : adc.obj (.text:ADCHardwareOversampleConfigure)
                  0000077c    0000000e                   : adc.obj (.text:ADCSequenceEnable)
                  0000078a    0000000c     tm4c123gh6pm_startup_ccs.obj (.text)
                  00000796    0000000a     driverlib.lib : adc.obj (.text:ADCIntClear)
                  000007a0    00000006                   : gpio.obj (.text:GPIOPinWrite)
                  000007a6    00000006                   : sysctl.obj (.text:SysCtlDelay)
                  000007ac    00000004     rtsv7M4_T_le_v4SPD16_eabi.lib : pre_init.c.obj (.text:_system_pre_init)
                  000007b0    00000004                                   : exit.c.obj (.text:abort:abort)

.cinit     0    00000000    00000000     UNINITIALIZED

.init_array 
*          0    00000000    00000000     UNINITIALIZED

.stack     0    20000000    00000068     UNINITIALIZED
                  20000000    00000004     rtsv7M4_T_le_v4SPD16_eabi.lib : boot_cortex_m.c.obj (.stack)
                  20000004    00000064     --HOLE--

MODULE SUMMARY

       Module                         code   ro data   rw data
       ------                         ----   -------   -------
    .\
       tm4c123gh6pm_startup_ccs.obj   12     620       0      
       main.obj                       260    0         0      
    +--+------------------------------+------+---------+---------+
       Total:                         272    620       0      
                                                              
    C:/ti/tivaware_c_series_2_1_4_178/driverlib/ccs/Debug/driverlib.lib
       gpio.obj                       378    0         0      
       adc.obj                        340    0         0      
       sysctl.obj                     302    0         0      
    +--+------------------------------+------+---------+---------+
       Total:                         1020   0         0      
                                                              
    C:\ti\ccsv8\tools\compiler\ti-cgt-arm_18.1.2.LTS\lib\rtsv7M4_T_le_v4SPD16_eabi.lib
       boot_cortex_m.c.obj            48     0         0      
       exit.c.obj                     4      0         0      
       pre_init.c.obj                 4      0         0      
    +--+------------------------------+------+---------+---------+
       Total:                         56     0         0      
                                                              
       Stack:                         0      0         104    
    +--+------------------------------+------+---------+---------+
       Grand Total:                   1348   620       104    


GLOBAL SYMBOLS: SORTED ALPHABETICALLY BY Name 

address   name                          
-------   ----                          
0000076f  ADCHardwareOversampleConfigure
00000797  ADCIntClear                   
000006c9  ADCIntStatus                  
0000073f  ADCProcessorTrigger           
00000613  ADCSequenceConfigure          
00000721  ADCSequenceDataGet            
0000077d  ADCSequenceEnable             
00000599  ADCSequenceStepConfigure      
000007b1  C$$EXIT                       
000006f7  GPIODirModeSet                
0000026d  GPIOPadConfigSet              
00000757  GPIOPinTypeGPIOOutput         
000007a1  GPIOPinWrite                  
0000078b  ResetISR                      
000004a5  SysCtlClockSet                
000007a7  SysCtlDelay                   
00000665  SysCtlPeripheralEnable        
20000068  __STACK_END                   
00000068  __STACK_SIZE                  
20000200  __STACK_TOP                   
ffffffff  __TI_pprof_out_hndl           
ffffffff  __TI_prof_data_size           
ffffffff  __TI_prof_data_start          
00000000  __TI_static_base__            
ffffffff  __binit__                     
ffffffff  __c_args__                    
UNDEFED   __mpu_init                    
20000000  __stack                       
00000699  _c_int00_noinit_noargs        
000007ad  _system_pre_init              
000007b1  abort                         
ffffffff  binit                         
00000000  g_pfnVectors                  
000003a1  main                          


GLOBAL SYMBOLS: SORTED BY Symbol Address 

address   name                          
-------   ----                          
00000000  __TI_static_base__            
00000000  g_pfnVectors                  
00000068  __STACK_SIZE                  
0000026d  GPIOPadConfigSet              
000003a1  main                          
000004a5  SysCtlClockSet                
00000599  ADCSequenceStepConfigure      
00000613  ADCSequenceConfigure          
00000665  SysCtlPeripheralEnable        
00000699  _c_int00_noinit_noargs        
000006c9  ADCIntStatus                  
000006f7  GPIODirModeSet                
00000721  ADCSequenceDataGet            
0000073f  ADCProcessorTrigger           
00000757  GPIOPinTypeGPIOOutput         
0000076f  ADCHardwareOversampleConfigure
0000077d  ADCSequenceEnable             
0000078b  ResetISR                      
00000797  ADCIntClear                   
000007a1  GPIOPinWrite                  
000007a7  SysCtlDelay                   
000007ad  _system_pre_init              
000007b1  C$$EXIT                       
000007b1  abort                         
20000000  __stack                       
20000068  __STACK_END                   
20000200  __STACK_TOP                   
ffffffff  __TI_pprof_out_hndl           
ffffffff  __TI_prof_data_size           
ffffffff  __TI_prof_data_start          
ffffffff  __binit__                     
ffffffff  __c_args__                    
ffffffff  binit                         
UNDEFED   __mpu_init                    

[34 symbols]
