******************************************************************************
                  TI ARM Linker PC v18.1.2                     
******************************************************************************
>> Linked Wed Oct 30 19:59:03 2019

OUTPUT FILE NAME:   <lab9.out>
ENTRY POINT SYMBOL: "_c_int00_noargs"  address: 000010a9


MEMORY CONFIGURATION

         name            origin    length      used     unused   attr    fill
----------------------  --------  ---------  --------  --------  ----  --------
  FLASH                 00000000   00040000  000012b2  0003ed4e  R  X
  SRAM                  20000000   00008000  00001014  00006fec  RW X


SEGMENT ALLOCATION MAP

run origin  load origin   length   init length attrs members
----------  ----------- ---------- ----------- ----- -------
00000000    00000000    000012b8   000012b8    r-x
  00000000    00000000    0000026c   0000026c    r-- .intvecs
  0000026c    0000026c    00000f56   00000f56    r-x .text
  000011c4    000011c4    000000c0   000000c0    r-- .const
  00001288    00001288    00000030   00000030    r-- .cinit
20000000    20000000    00001014   00000000    rw-
  20000000    20000000    00000fa0   00000000    rw- .bss
  20000fa0    20000fa0    00000068   00000000    rw- .stack
  20001008    20001008    0000000c   00000000    rw- .data


SECTION ALLOCATION MAP

 output                                  attributes/
section   page    origin      length       input sections
--------  ----  ----------  ----------   ----------------
.intvecs   0    00000000    0000026c     
                  00000000    0000026c     tm4c123gh6pm_startup_ccs.obj (.intvecs)

.text      0    0000026c    00000f56     
                  0000026c    000004dc     uartstdio.obj (.text)
                  00000748    000001b6     rtsv7M4_T_le_v4SPD16_eabi.lib : fd_add_t2.asm.obj (.text)
                  000008fe    00000002                                   : div0.asm.obj (.text)
                  00000900    00000168     main.obj (.text)
                  00000a68    00000132     driverlib.lib : gpio.obj (.text:GPIOPadConfigSet)
                  00000b9a    000000fc     rtsv7M4_T_le_v4SPD16_eabi.lib : fd_mul_t2.asm.obj (.text)
                  00000c96    00000002     --HOLE-- [fill = 0]
                  00000c98    000000b4                                   : s_cosf.c.obj (.text:cosf)
                  00000d4c    000000a4                                   : s_sinf.c.obj (.text:sinf)
                  00000df0    0000009c                                   : memcpy_t2.asm.obj (.text)
                  00000e8c    0000007a                                   : memset_t2.asm.obj (.text)
                  00000f06    0000006e                                   : fd_tos_t2.asm.obj (.text)
                  00000f74    00000068                                   : copy_decompress_lzss.c.obj (.text:decompress:lzss:__TI_decompress_lzss)
                  00000fdc    00000048     driverlib.lib : gpio.obj (.text:GPIOPinConfigure)
                  00001024    00000044     rtsv7M4_T_le_v4SPD16_eabi.lib : autoinit.c.obj (.text:__TI_auto_init_nobinit_nopinit:__TI_auto_init_nobinit_nopinit)
                  00001068    00000040                                   : u_divt2.asm.obj (.text)
                  000010a8    00000038                                   : boot_cortex_m.c.obj (.text:_c_int00_noargs:_c_int00_noargs)
                  000010e0    00000038                                   : fs_tod_t2.asm.obj (.text)
                  00001118    00000034     driverlib.lib : sysctl.obj (.text:SysCtlPeripheralEnable)
                  0000114c    0000002a                   : gpio.obj (.text:GPIODirModeSet)
                  00001176    00000012                   : gpio.obj (.text:GPIOPinTypeUART)
                  00001188    0000000e     rtsv7M4_T_le_v4SPD16_eabi.lib : copy_decompress_none.c.obj (.text:decompress:none:__TI_decompress_none)
                  00001196    0000000c                                   : copy_zero_init.c.obj (.text:decompress:ZI:__TI_zero_init)
                  000011a2    0000000c     tm4c123gh6pm_startup_ccs.obj (.text)
                  000011ae    00000006     driverlib.lib : sysctl.obj (.text:SysCtlDelay)
                  000011b4    00000006                   : uart.obj (.text:UARTClockSourceSet)
                  000011ba    00000004     rtsv7M4_T_le_v4SPD16_eabi.lib : pre_init.c.obj (.text:_system_pre_init)
                  000011be    00000004                                   : exit.c.obj (.text:abort:abort)

.const     0    000011c4    000000c0     
                  000011c4    00000090     driverlib.lib : gpio.obj (.const:g_pui32GPIOBaseAddrs)
                  00001254    00000012     uartstdio.obj (.const:.string)
                  00001266    00000002     --HOLE-- [fill = 0]
                  00001268    0000000c     uartstdio.obj (.const:g_ui32UARTBase)
                  00001274    0000000c     uartstdio.obj (.const:g_ui32UARTPeriph)
                  00001280    00000004     uartstdio.obj (.const)

.cinit     0    00001288    00000030     
                  00001288    0000000c     (__TI_handler_table)
                  00001294    00000004     --HOLE-- [fill = 0]
                  00001298    00000008     (.cinit..bss.load) [load image, compression = zero_init]
                  000012a0    00000007     (.cinit..data.load) [load image, compression = lzss]
                  000012a7    00000001     --HOLE-- [fill = 0]
                  000012a8    00000010     (__TI_cinit_table)

.init_array 
*          0    00000000    00000000     UNINITIALIZED

.bss       0    20000000    00000fa0     UNINITIALIZED
                  20000000    00000fa0     (.common:gSeriesData)

.data      0    20001008    0000000c     UNINITIALIZED
                  20001008    00000005     uartstdio.obj (.data)
                  2000100d    00000003     --HOLE--
                  20001010    00000004     main.obj (.data)

.stack     0    20000fa0    00000068     UNINITIALIZED
                  20000fa0    00000004     rtsv7M4_T_le_v4SPD16_eabi.lib : boot_cortex_m.c.obj (.stack)
                  20000fa4    00000064     --HOLE--

MODULE SUMMARY

       Module                         code   ro data   rw data
       ------                         ----   -------   -------
    .\
       main.obj                       360    0         4004   
       uartstdio.obj                  1244   46        5      
       tm4c123gh6pm_startup_ccs.obj   12     620       0      
    +--+------------------------------+------+---------+---------+
       Total:                         1616   666       4009   
                                                              
    C:/ti/tivaware_c_series_2_1_4_178/driverlib/ccs/Debug/driverlib.lib
       gpio.obj                       438    144       0      
       sysctl.obj                     58     0         0      
       uart.obj                       6      0         0      
    +--+------------------------------+------+---------+---------+
       Total:                         502    144       0      
                                                              
    C:\ti\ccsv8\tools\compiler\ti-cgt-arm_18.1.2.LTS\lib\rtsv7M4_T_le_v4SPD16_eabi.lib
       fd_add_t2.asm.obj              438    0         0      
       fd_mul_t2.asm.obj              252    0         0      
       s_cosf.c.obj                   180    0         0      
       s_sinf.c.obj                   164    0         0      
       memcpy_t2.asm.obj              156    0         0      
       memset_t2.asm.obj              122    0         0      
       fd_tos_t2.asm.obj              110    0         0      
       copy_decompress_lzss.c.obj     104    0         0      
       autoinit.c.obj                 68     0         0      
       u_divt2.asm.obj                64     0         0      
       boot_cortex_m.c.obj            56     0         0      
       fs_tod_t2.asm.obj              56     0         0      
       copy_decompress_none.c.obj     14     0         0      
       copy_zero_init.c.obj           12     0         0      
       exit.c.obj                     4      0         0      
       pre_init.c.obj                 4      0         0      
       div0.asm.obj                   2      0         0      
    +--+------------------------------+------+---------+---------+
       Total:                         1806   0         0      
                                                              
       Stack:                         0      0         104    
       Linker Generated:              0      43        0      
    +--+------------------------------+------+---------+---------+
       Grand Total:                   3924   853       4113   


LINKER GENERATED COPY TABLES

__TI_cinit_table @ 000012a8 records: 2, size/record: 8, table size: 16
	.bss: load addr=00001298, load size=00000008 bytes, run addr=20000000, run size=00000fa0 bytes, compression=zero_init
	.data: load addr=000012a0, load size=00000007 bytes, run addr=20001008, run size=0000000c bytes, compression=lzss


LINKER GENERATED HANDLER TABLE

__TI_handler_table @ 00001288 records: 3, size/record: 4, table size: 12
	index: 0, handler: __TI_decompress_lzss
	index: 1, handler: __TI_decompress_none
	index: 2, handler: __TI_zero_init


GLOBAL SYMBOLS: SORTED ALPHABETICALLY BY Name 

address   name                          
-------   ----                          
000011bf  C$$EXIT                       
0000114d  GPIODirModeSet                
00000a69  GPIOPadConfigSet              
00000fdd  GPIOPinConfigure              
00001177  GPIOPinTypeUART               
000011a3  ResetISR                      
000011af  SysCtlDelay                   
00001119  SysCtlPeripheralEnable        
000011b5  UARTClockSourceSet            
0000026d  UARTStdioConfig               
000003e5  UARTgetc                      
0000031f  UARTgets                      
00000713  UARTprintf                    
00000419  UARTvprintf                   
000002cd  UARTwrite                     
20001008  __STACK_END                   
00000068  __STACK_SIZE                  
200011a0  __STACK_TOP                   
000012a8  __TI_CINIT_Base               
000012b8  __TI_CINIT_Limit              
00001288  __TI_Handler_Table_Base       
00001294  __TI_Handler_Table_Limit      
00001025  __TI_auto_init_nobinit_nopinit
00000f75  __TI_decompress_lzss          
00001189  __TI_decompress_none          
ffffffff  __TI_pprof_out_hndl           
ffffffff  __TI_prof_data_size           
ffffffff  __TI_prof_data_start          
00000000  __TI_static_base__            
00001197  __TI_zero_init                
00000f07  __aeabi_d2f                   
00000753  __aeabi_dadd                  
00000b9b  __aeabi_dmul                  
00000749  __aeabi_dsub                  
000010e1  __aeabi_f2d                   
000008ff  __aeabi_idiv0                 
000008ff  __aeabi_ldiv0                 
00000e8d  __aeabi_memclr                
00000e8d  __aeabi_memclr4               
00000e8d  __aeabi_memclr8               
00000df1  __aeabi_memcpy                
00000df1  __aeabi_memcpy4               
00000df1  __aeabi_memcpy8               
00000e8f  __aeabi_memset                
00000e8f  __aeabi_memset4               
00000e8f  __aeabi_memset8               
00001069  __aeabi_uidiv                 
00001069  __aeabi_uidivmod              
ffffffff  __binit__                     
ffffffff  __c_args__                    
UNDEFED   __mpu_init                    
20000fa0  __stack                       
000010a9  _c_int00_noargs               
UNDEFED   _system_post_cinit            
000011bb  _system_pre_init              
000011bf  abort                         
ffffffff  binit                         
00000c99  cosf                          
20000000  gSeriesData                   
00000000  g_pfnVectors                  
20001010  i32DataCount                  
00000901  main                          
00000df1  memcpy                        
00000e95  memset                        
00000d4d  sinf                          


GLOBAL SYMBOLS: SORTED BY Symbol Address 

address   name                          
-------   ----                          
00000000  __TI_static_base__            
00000000  g_pfnVectors                  
00000068  __STACK_SIZE                  
0000026d  UARTStdioConfig               
000002cd  UARTwrite                     
0000031f  UARTgets                      
000003e5  UARTgetc                      
00000419  UARTvprintf                   
00000713  UARTprintf                    
00000749  __aeabi_dsub                  
00000753  __aeabi_dadd                  
000008ff  __aeabi_idiv0                 
000008ff  __aeabi_ldiv0                 
00000901  main                          
00000a69  GPIOPadConfigSet              
00000b9b  __aeabi_dmul                  
00000c99  cosf                          
00000d4d  sinf                          
00000df1  __aeabi_memcpy                
00000df1  __aeabi_memcpy4               
00000df1  __aeabi_memcpy8               
00000df1  memcpy                        
00000e8d  __aeabi_memclr                
00000e8d  __aeabi_memclr4               
00000e8d  __aeabi_memclr8               
00000e8f  __aeabi_memset                
00000e8f  __aeabi_memset4               
00000e8f  __aeabi_memset8               
00000e95  memset                        
00000f07  __aeabi_d2f                   
00000f75  __TI_decompress_lzss          
00000fdd  GPIOPinConfigure              
00001025  __TI_auto_init_nobinit_nopinit
00001069  __aeabi_uidiv                 
00001069  __aeabi_uidivmod              
000010a9  _c_int00_noargs               
000010e1  __aeabi_f2d                   
00001119  SysCtlPeripheralEnable        
0000114d  GPIODirModeSet                
00001177  GPIOPinTypeUART               
00001189  __TI_decompress_none          
00001197  __TI_zero_init                
000011a3  ResetISR                      
000011af  SysCtlDelay                   
000011b5  UARTClockSourceSet            
000011bb  _system_pre_init              
000011bf  C$$EXIT                       
000011bf  abort                         
00001288  __TI_Handler_Table_Base       
00001294  __TI_Handler_Table_Limit      
000012a8  __TI_CINIT_Base               
000012b8  __TI_CINIT_Limit              
20000000  gSeriesData                   
20000fa0  __stack                       
20001008  __STACK_END                   
20001010  i32DataCount                  
200011a0  __STACK_TOP                   
ffffffff  __TI_pprof_out_hndl           
ffffffff  __TI_prof_data_size           
ffffffff  __TI_prof_data_start          
ffffffff  __binit__                     
ffffffff  __c_args__                    
ffffffff  binit                         
UNDEFED   __mpu_init                    
UNDEFED   _system_post_cinit            

[65 symbols]
