******************************************************************************
                  TI ARM Linker PC v18.1.2                     
******************************************************************************
>> Linked Sun Oct  6 19:45:09 2019

OUTPUT FILE NAME:   <lab4.out>
ENTRY POINT SYMBOL: "_c_int00_noargs"  address: 00000a29


MEMORY CONFIGURATION

         name            origin    length      used     unused   attr    fill
----------------------  --------  ---------  --------  --------  ----  --------
  FLASH                 00000000   00040000  00000c8a  0003f376  R  X
  SRAM                  20000000   00008000  00000070  00007f90  RW X


SEGMENT ALLOCATION MAP

run origin  load origin   length   init length attrs members
----------  ----------- ---------- ----------- ----- -------
00000000    00000000    00000c8c   00000c8c    r-x
  00000000    00000000    0000026c   0000026c    r-- .intvecs
  0000026c    0000026c    0000092e   0000092e    r-x .text
  00000b9c    00000b9c    000000dc   000000dc    r-- .const
  00000c78    00000c78    00000014   00000014    r-- .cinit
20000000    20000000    00000070   00000000    rw-
  20000000    20000000    00000068   00000000    rw- .stack
  20000068    20000068    00000008   00000000    rw- .bss


SECTION ALLOCATION MAP

 output                                  attributes/
section   page    origin      length       input sections
--------  ----  ----------  ----------   ----------------
.intvecs   0    00000000    0000026c     
                  00000000    0000026c     tm4c123gh6pm_startup_ccs.obj (.intvecs)

.text      0    0000026c    0000092e     
                  0000026c    000001a8     main.obj (.text)
                  00000414    00000136     rtsv7M4_T_le_v4SPD16_eabi.lib : fd_div_t2.asm.obj (.text)
                  0000054a    00000132     driverlib.lib : gpio.obj (.text:GPIOPadConfigSet)
                  0000067c    00000110                   : sysctl.obj (.text:SysCtlClockGet)
                  0000078c    000000f4                   : sysctl.obj (.text:SysCtlClockSet)
                  00000880    00000068                   : interrupt.obj (.text:IntEnable)
                  000008e8    00000060                   : timer.obj (.text:TimerConfigure)
                  00000948    00000056                   : gpio.obj (.text:GPIOIntTypeSet)
                  0000099e    00000002     --HOLE-- [fill = 0]
                  000009a0    00000044     rtsv7M4_T_le_v4SPD16_eabi.lib : autoinit.c.obj (.text:__TI_auto_init_nobinit_nopinit:__TI_auto_init_nobinit_nopinit)
                  000009e4    00000044                                   : fd_tou_t2.asm.obj (.text)
                  00000a28    00000038                                   : boot_cortex_m.c.obj (.text:_c_int00_noargs:_c_int00_noargs)
                  00000a60    00000034     driverlib.lib : sysctl.obj (.text:SysCtlPeripheralEnable)
                  00000a94    0000002a                   : gpio.obj (.text:GPIODirModeSet)
                  00000abe    00000020     rtsv7M4_T_le_v4SPD16_eabi.lib : u_tofd_t2.asm.obj (.text)
                  00000ade    00000018     driverlib.lib : gpio.obj (.text:GPIOPinTypeGPIOOutput)
                  00000af6    00000012                   : gpio.obj (.text:GPIOPinTypeGPIOInput)
                  00000b08    00000012                   : timer.obj (.text:TimerLoadSet)
                  00000b1a    00000012     rtsv7M4_T_le_v4SPD16_eabi.lib : copy_zero_init.c.obj (.text:decompress:ZI:__TI_zero_init_nomemset:__TI_zero_init_nomemset)
                  00000b2c    00000010     driverlib.lib : interrupt.obj (.text:IntMasterEnable)
                  00000b3c    0000000e                   : timer.obj (.text:TimerEnable)
                  00000b4a    0000000c                   : cpu.obj (.text:CPUcpsie)
                  00000b56    0000000c                   : gpio.obj (.text:GPIOIntEnable)
                  00000b62    0000000c     tm4c123gh6pm_startup_ccs.obj (.text)
                  00000b6e    00000008     driverlib.lib : timer.obj (.text:TimerIntEnable)
                  00000b76    00000006                   : gpio.obj (.text:GPIOIntClear)
                  00000b7c    00000006                   : gpio.obj (.text:GPIOPinRead)
                  00000b82    00000006                   : gpio.obj (.text:GPIOPinWrite)
                  00000b88    00000006                   : sysctl.obj (.text:SysCtlDelay)
                  00000b8e    00000004                   : timer.obj (.text:TimerIntClear)
                  00000b92    00000004     rtsv7M4_T_le_v4SPD16_eabi.lib : pre_init.c.obj (.text:_system_pre_init)
                  00000b96    00000004                                   : exit.c.obj (.text:abort:abort)

.const     0    00000b9c    000000dc     
                  00000b9c    00000070     driverlib.lib : interrupt.obj (.const)
                  00000c0c    0000006c                   : sysctl.obj (.const:g_pui32Xtals)

.cinit     0    00000c78    00000014     
                  00000c78    00000008     (.cinit..bss.load) [load image, compression = zero_init]
                  00000c80    00000004     (__TI_handler_table)
                  00000c84    00000008     (__TI_cinit_table)

.init_array 
*          0    00000000    00000000     UNINITIALIZED

.bss       0    20000068    00000008     UNINITIALIZED
                  20000068    00000004     (.common:ui32PeriodHigh)
                  2000006c    00000004     (.common:ui32PeriodLow)

.stack     0    20000000    00000068     UNINITIALIZED
                  20000000    00000004     rtsv7M4_T_le_v4SPD16_eabi.lib : boot_cortex_m.c.obj (.stack)
                  20000004    00000064     --HOLE--

MODULE SUMMARY

       Module                         code   ro data   rw data
       ------                         ----   -------   -------
    .\
       tm4c123gh6pm_startup_ccs.obj   12     620       0      
       main.obj                       424    0         8      
    +--+------------------------------+------+---------+---------+
       Total:                         436    620       8      
                                                              
    C:/ti/tivaware_c_series_2_1_4_178/driverlib/ccs/Debug/driverlib.lib
       sysctl.obj                     574    108       0      
       gpio.obj                       506    0         0      
       interrupt.obj                  120    112       0      
       timer.obj                      140    0         0      
       cpu.obj                        12     0         0      
    +--+------------------------------+------+---------+---------+
       Total:                         1352   220       0      
                                                              
    C:\ti\ccsv8\tools\compiler\ti-cgt-arm_18.1.2.LTS\lib\rtsv7M4_T_le_v4SPD16_eabi.lib
       fd_div_t2.asm.obj              310    0         0      
       autoinit.c.obj                 68     0         0      
       fd_tou_t2.asm.obj              68     0         0      
       boot_cortex_m.c.obj            56     0         0      
       u_tofd_t2.asm.obj              32     0         0      
       copy_zero_init.c.obj           18     0         0      
       exit.c.obj                     4      0         0      
       pre_init.c.obj                 4      0         0      
    +--+------------------------------+------+---------+---------+
       Total:                         560    0         0      
                                                              
       Stack:                         0      0         104    
       Linker Generated:              0      20        0      
    +--+------------------------------+------+---------+---------+
       Grand Total:                   2348   860       112    


LINKER GENERATED COPY TABLES

__TI_cinit_table @ 00000c84 records: 1, size/record: 8, table size: 8
	.bss: load addr=00000c78, load size=00000008 bytes, run addr=20000068, run size=00000008 bytes, compression=zero_init


LINKER GENERATED HANDLER TABLE

__TI_handler_table @ 00000c80 records: 1, size/record: 4, table size: 4
	index: 0, handler: __TI_zero_init


GLOBAL SYMBOLS: SORTED ALPHABETICALLY BY Name 

address   name                          
-------   ----                          
00000b97  C$$EXIT                       
00000b4b  CPUcpsie                      
00000a95  GPIODirModeSet                
00000b77  GPIOIntClear                  
00000b57  GPIOIntEnable                 
00000949  GPIOIntTypeSet                
0000054b  GPIOPadConfigSet              
00000b7d  GPIOPinRead                   
00000af7  GPIOPinTypeGPIOInput          
00000adf  GPIOPinTypeGPIOOutput         
00000b83  GPIOPinWrite                  
00000881  IntEnable                     
00000b2d  IntMasterEnable               
0000038f  PORTFPin4IntHandler           
00000b63  ResetISR                      
0000067d  SysCtlClockGet                
0000078d  SysCtlClockSet                
00000b89  SysCtlDelay                   
00000a61  SysCtlPeripheralEnable        
00000331  Timer0IntHandler              
00000375  Timer1IntHandler              
000008e9  TimerConfigure                
00000b3d  TimerEnable                   
00000b8f  TimerIntClear                 
00000b6f  TimerIntEnable                
00000b09  TimerLoadSet                  
20000068  __STACK_END                   
00000068  __STACK_SIZE                  
20000200  __STACK_TOP                   
00000c84  __TI_CINIT_Base               
00000c8c  __TI_CINIT_Limit              
00000c80  __TI_Handler_Table_Base       
00000c84  __TI_Handler_Table_Limit      
000009a1  __TI_auto_init_nobinit_nopinit
ffffffff  __TI_pprof_out_hndl           
ffffffff  __TI_prof_data_size           
ffffffff  __TI_prof_data_start          
00000000  __TI_static_base__            
00000b1b  __TI_zero_init_nomemset       
000009e5  __aeabi_d2uiz                 
00000415  __aeabi_ddiv                  
00000abf  __aeabi_ui2d                  
ffffffff  __binit__                     
ffffffff  __c_args__                    
UNDEFED   __mpu_init                    
20000000  __stack                       
00000a29  _c_int00_noargs               
UNDEFED   _system_post_cinit            
00000b93  _system_pre_init              
00000b97  abort                         
ffffffff  binit                         
00000000  g_pfnVectors                  
0000026d  main                          
20000068  ui32PeriodHigh                
2000006c  ui32PeriodLow                 


GLOBAL SYMBOLS: SORTED BY Symbol Address 

address   name                          
-------   ----                          
00000000  __TI_static_base__            
00000000  g_pfnVectors                  
00000068  __STACK_SIZE                  
0000026d  main                          
00000331  Timer0IntHandler              
00000375  Timer1IntHandler              
0000038f  PORTFPin4IntHandler           
00000415  __aeabi_ddiv                  
0000054b  GPIOPadConfigSet              
0000067d  SysCtlClockGet                
0000078d  SysCtlClockSet                
00000881  IntEnable                     
000008e9  TimerConfigure                
00000949  GPIOIntTypeSet                
000009a1  __TI_auto_init_nobinit_nopinit
000009e5  __aeabi_d2uiz                 
00000a29  _c_int00_noargs               
00000a61  SysCtlPeripheralEnable        
00000a95  GPIODirModeSet                
00000abf  __aeabi_ui2d                  
00000adf  GPIOPinTypeGPIOOutput         
00000af7  GPIOPinTypeGPIOInput          
00000b09  TimerLoadSet                  
00000b1b  __TI_zero_init_nomemset       
00000b2d  IntMasterEnable               
00000b3d  TimerEnable                   
00000b4b  CPUcpsie                      
00000b57  GPIOIntEnable                 
00000b63  ResetISR                      
00000b6f  TimerIntEnable                
00000b77  GPIOIntClear                  
00000b7d  GPIOPinRead                   
00000b83  GPIOPinWrite                  
00000b89  SysCtlDelay                   
00000b8f  TimerIntClear                 
00000b93  _system_pre_init              
00000b97  C$$EXIT                       
00000b97  abort                         
00000c80  __TI_Handler_Table_Base       
00000c84  __TI_CINIT_Base               
00000c84  __TI_Handler_Table_Limit      
00000c8c  __TI_CINIT_Limit              
20000000  __stack                       
20000068  __STACK_END                   
20000068  ui32PeriodHigh                
2000006c  ui32PeriodLow                 
20000200  __STACK_TOP                   
ffffffff  __TI_pprof_out_hndl           
ffffffff  __TI_prof_data_size           
ffffffff  __TI_prof_data_start          
ffffffff  __binit__                     
ffffffff  __c_args__                    
ffffffff  binit                         
UNDEFED   __mpu_init                    
UNDEFED   _system_post_cinit            

[55 symbols]
