******************************************************************************
                  TI ARM Linker PC v18.1.2                     
******************************************************************************
>> Linked Tue Dec 10 14:46:04 2019

OUTPUT FILE NAME:   <blink_TM4C_CCS.out>
ENTRY POINT SYMBOL: "_c_int00_noargs"  address: 00000655


MEMORY CONFIGURATION

         name            origin    length      used     unused   attr    fill
----------------------  --------  ---------  --------  --------  ----  --------
  FLASH                 00000000   00040000  0000074e  0003f8b2  R  X
  SRAM                  20000000   00008000  00000202  00007dfe  RW X


SEGMENT ALLOCATION MAP

run origin  load origin   length   init length attrs members
----------  ----------- ---------- ----------- ----- -------
00000000    00000000    00000750   00000750    r-x
  00000000    00000000    0000026c   0000026c    r-- .intvecs
  0000026c    0000026c    000004ca   000004ca    r-x .text
  00000738    00000738    00000018   00000018    r-- .cinit
20000000    20000000    00000202   00000000    rw-
  20000000    20000000    00000200   00000000    rw- .stack
  20000200    20000200    00000002   00000000    rw- .data


SECTION ALLOCATION MAP

 output                                  attributes/
section   page    origin      length       input sections
--------  ----  ----------  ----------   ----------------
.intvecs   0    00000000    0000026c     
                  00000000    0000026c     tm4c123gh6pm_startup_ccs.obj (.intvecs)

.text      0    0000026c    000004ca     
                  0000026c    00000130     driverlib.lib : gpio.obj (.text:GPIOPadConfigSet)
                  0000039c    000000f0                   : sysctl.obj (.text:SysCtlClockSet)
                  0000048c    0000009c     rtsv7M4_T_le_v4SPD16_eabi.lib : memcpy_t2.asm.obj (.text)
                  00000528    00000080     main.obj (.text)
                  000005a8    00000068     rtsv7M4_T_le_v4SPD16_eabi.lib : copy_decompress_lzss.c.obj (.text:decompress:lzss:__TI_decompress_lzss)
                  00000610    00000044                                   : autoinit.c.obj (.text:__TI_auto_init_nobinit_nopinit:__TI_auto_init_nobinit_nopinit)
                  00000654    00000038                                   : boot_cortex_m.c.obj (.text:_c_int00_noargs:_c_int00_noargs)
                  0000068c    00000034     driverlib.lib : sysctl.obj (.text:SysCtlPeripheralEnable)
                  000006c0    0000002a                   : gpio.obj (.text:GPIODirModeSet)
                  000006ea    00000018                   : gpio.obj (.text:GPIOPinTypeGPIOOutput)
                  00000702    0000000e     rtsv7M4_T_le_v4SPD16_eabi.lib : copy_decompress_none.c.obj (.text:decompress:none:__TI_decompress_none)
                  00000710    0000000c     tm4c123gh6pm_startup_ccs.obj (.text)
                  0000071c    00000006     driverlib.lib : gpio.obj (.text:GPIOPinRead)
                  00000722    00000006                   : gpio.obj (.text:GPIOPinWrite)
                  00000728    00000006                   : sysctl.obj (.text:SysCtlDelay)
                  0000072e    00000004     rtsv7M4_T_le_v4SPD16_eabi.lib : pre_init.c.obj (.text:_system_pre_init)
                  00000732    00000004                                   : exit.c.obj (.text:abort:abort)

.cinit     0    00000738    00000018     
                  00000738    00000008     (__TI_handler_table)
                  00000740    00000006     (.cinit..data.load) [load image, compression = lzss]
                  00000746    00000002     --HOLE-- [fill = 0]
                  00000748    00000008     (__TI_cinit_table)

.init_array 
*          0    00000000    00000000     UNINITIALIZED

.data      0    20000200    00000002     UNINITIALIZED
                  20000200    00000002     main.obj (.data)

.stack     0    20000000    00000200     UNINITIALIZED
                  20000000    00000004     rtsv7M4_T_le_v4SPD16_eabi.lib : boot_cortex_m.c.obj (.stack)
                  20000004    000001fc     --HOLE--

MODULE SUMMARY

       Module                         code   ro data   rw data
       ------                         ----   -------   -------
    .\
       tm4c123gh6pm_startup_ccs.obj   12     620       0      
       main.obj                       128    0         2      
    +--+------------------------------+------+---------+---------+
       Total:                         140    620       2      
                                                              
    C:/ti/tirtos_tivac_2_16_00_08/products/TivaWare_C_Series-2.1.1.71b/driverlib/ccs/Debug/driverlib.lib
       gpio.obj                       382    0         0      
       sysctl.obj                     298    0         0      
    +--+------------------------------+------+---------+---------+
       Total:                         680    0         0      
                                                              
    C:\ti\ccsv8\tools\compiler\ti-cgt-arm_18.1.2.LTS\lib\rtsv7M4_T_le_v4SPD16_eabi.lib
       memcpy_t2.asm.obj              156    0         0      
       copy_decompress_lzss.c.obj     104    0         0      
       autoinit.c.obj                 68     0         0      
       boot_cortex_m.c.obj            56     0         0      
       copy_decompress_none.c.obj     14     0         0      
       exit.c.obj                     4      0         0      
       pre_init.c.obj                 4      0         0      
    +--+------------------------------+------+---------+---------+
       Total:                         406    0         0      
                                                              
       Stack:                         0      0         512    
       Linker Generated:              0      22        0      
    +--+------------------------------+------+---------+---------+
       Grand Total:                   1226   642       514    


LINKER GENERATED COPY TABLES

__TI_cinit_table @ 00000748 records: 1, size/record: 8, table size: 8
	.data: load addr=00000740, load size=00000006 bytes, run addr=20000200, run size=00000002 bytes, compression=lzss


LINKER GENERATED HANDLER TABLE

__TI_handler_table @ 00000738 records: 2, size/record: 4, table size: 8
	index: 0, handler: __TI_decompress_lzss
	index: 1, handler: __TI_decompress_none


GLOBAL SYMBOLS: SORTED ALPHABETICALLY BY Name 

address   name                          
-------   ----                          
00000733  C$$EXIT                       
000006c1  GPIODirModeSet                
0000026d  GPIOPadConfigSet              
0000071d  GPIOPinRead                   
000006eb  GPIOPinTypeGPIOOutput         
00000723  GPIOPinWrite                  
00000711  ResetISR                      
0000039d  SysCtlClockSet                
00000729  SysCtlDelay                   
0000068d  SysCtlPeripheralEnable        
20000200  __STACK_END                   
00000200  __STACK_SIZE                  
20000200  __STACK_TOP                   
00000748  __TI_CINIT_Base               
00000750  __TI_CINIT_Limit              
00000738  __TI_Handler_Table_Base       
00000740  __TI_Handler_Table_Limit      
00000611  __TI_auto_init_nobinit_nopinit
000005a9  __TI_decompress_lzss          
00000703  __TI_decompress_none          
ffffffff  __TI_pprof_out_hndl           
ffffffff  __TI_prof_data_size           
ffffffff  __TI_prof_data_start          
00000000  __TI_static_base__            
0000048d  __aeabi_memcpy                
0000048d  __aeabi_memcpy4               
0000048d  __aeabi_memcpy8               
ffffffff  __binit__                     
ffffffff  __c_args__                    
UNDEFED   __mpu_init                    
20000000  __stack                       
00000655  _c_int00_noargs               
UNDEFED   _system_post_cinit            
0000072f  _system_pre_init              
00000733  abort                         
ffffffff  binit                         
00000589  delay                         
00000000  g_pfnVectors                  
00000543  hardware_init                 
20000200  i16ToggleCount                
00000565  ledToggle                     
00000529  main                          
0000048d  memcpy                        


GLOBAL SYMBOLS: SORTED BY Symbol Address 

address   name                          
-------   ----                          
00000000  __TI_static_base__            
00000000  g_pfnVectors                  
00000200  __STACK_SIZE                  
0000026d  GPIOPadConfigSet              
0000039d  SysCtlClockSet                
0000048d  __aeabi_memcpy                
0000048d  __aeabi_memcpy4               
0000048d  __aeabi_memcpy8               
0000048d  memcpy                        
00000529  main                          
00000543  hardware_init                 
00000565  ledToggle                     
00000589  delay                         
000005a9  __TI_decompress_lzss          
00000611  __TI_auto_init_nobinit_nopinit
00000655  _c_int00_noargs               
0000068d  SysCtlPeripheralEnable        
000006c1  GPIODirModeSet                
000006eb  GPIOPinTypeGPIOOutput         
00000703  __TI_decompress_none          
00000711  ResetISR                      
0000071d  GPIOPinRead                   
00000723  GPIOPinWrite                  
00000729  SysCtlDelay                   
0000072f  _system_pre_init              
00000733  C$$EXIT                       
00000733  abort                         
00000738  __TI_Handler_Table_Base       
00000740  __TI_Handler_Table_Limit      
00000748  __TI_CINIT_Base               
00000750  __TI_CINIT_Limit              
20000000  __stack                       
20000200  __STACK_END                   
20000200  __STACK_TOP                   
20000200  i16ToggleCount                
ffffffff  __TI_pprof_out_hndl           
ffffffff  __TI_prof_data_size           
ffffffff  __TI_prof_data_start          
ffffffff  __binit__                     
ffffffff  __c_args__                    
ffffffff  binit                         
UNDEFED   __mpu_init                    
UNDEFED   _system_post_cinit            

[43 symbols]
